 RM3_sfun

 Timestamp is 54ff5ac4 (Tue Mar 10 14:57:40 2015)

 Preferred load address is 0000000180000000

 Start         Length     Name                   Class
 0001:00000000 0002ec44H .text                   CODE
 0001:0002ec50 00000092H .text$x                 CODE
 0002:00000000 000004b0H .idata$5                DATA
 0002:000004b0 00000008H .CRT$XCA                DATA
 0002:000004b8 00000008H .CRT$XCZ                DATA
 0002:000004c0 00000008H .CRT$XIA                DATA
 0002:000004c8 00000008H .CRT$XIAA               DATA
 0002:000004d0 00000008H .CRT$XIZ                DATA
 0002:000004e0 0000071cH .rdata                  DATA
 0002:00000c00 00000008H .rtc$IAA                DATA
 0002:00000c08 00000008H .rtc$IZZ                DATA
 0002:00000c10 00000008H .rtc$TAA                DATA
 0002:00000c18 00000008H .rtc$TZZ                DATA
 0002:00000c20 00000cc4H .xdata                  DATA
 0002:000018e4 0000008cH .idata$2                DATA
 0002:00001970 00000014H .idata$3                DATA
 0002:00001988 000004b0H .idata$4                DATA
 0002:00001e38 00000d14H .idata$6                DATA
 0002:00002b50 0000004eH .edata                  DATA
 0003:00000000 0000e458H .data                   DATA
 0003:0000e460 00000700H .bss                    DATA
 0004:00000000 00000e94H .pdata                  DATA

  Address         Publics by Value              Rva+Base               Lib:Object

 0000:00000000       ___safe_se_handler_count   0000000000000000     <absolute>
 0000:00000000       ___safe_se_handler_table   0000000000000000     <absolute>
 0000:00000000       __ImageBase                0000000180000000     <linker-defined>
 0001:00000000       RM3_initializer            0000000180001000 f   RM3_sfun.obj
 0001:00000010       RM3_terminator             0000000180001010 f   RM3_sfun.obj
 0001:00000020       sf_RM3_method_dispatcher   0000000180001020 f   RM3_sfun.obj
 0001:00000040       sf_RM3_uses_exported_functions 0000000180001040 f   RM3_sfun.obj
 0001:00000080       sf_RM3_process_testpoint_info_call 0000000180001080 f   RM3_sfun.obj
 0001:000001e0       sf_RM3_process_check_sum_call 00000001800011e0 f   RM3_sfun.obj
 0001:000005e0       sf_RM3_autoinheritance_info 00000001800015e0 f   RM3_sfun.obj
 0001:00000700       sf_RM3_get_eml_resolved_functions_info 0000000180001700 f   RM3_sfun.obj
 0001:000007e0       sf_RM3_third_party_uses_info 00000001800017e0 f   RM3_sfun.obj
 0001:00000900       sf_RM3_jit_fallback_info   0000000180001900 f   RM3_sfun.obj
 0001:00000a20       sf_RM3_updateBuildInfo_args_info 0000000180001a20 f   RM3_sfun.obj
 0001:00000b40       sf_RM3_get_post_codegen_info 0000000180001b40 f   RM3_sfun.obj
 0001:00000be0       RM3_debug_initialize       0000000180001be0 f   RM3_sfun.obj
 0001:00000c60       RM3_register_exported_symbols 0000000180001c60 f   RM3_sfun.obj
 0001:00000c70       load_RM3_optimization_info 0000000180001c70 f   RM3_sfun.obj
 0001:00000cc0       unload_RM3_optimization_info 0000000180001cc0 f   RM3_sfun.obj
 0001:00000cf0       sf_process_check_sum_call  0000000180001cf0 f   RM3_sfun_registry.obj
 0001:00000d60       sf_process_machine_uses_exported_functions_call 0000000180001d60 f   RM3_sfun_registry.obj
 0001:00000f00       sf_process_testpoint_info_call 0000000180001f00 f   RM3_sfun_registry.obj
 0001:00000f70       sf_process_autoinheritance_call 0000000180001f70 f   RM3_sfun_registry.obj
 0001:000011b0       sf_process_get_third_party_uses_info_call 00000001800021b0 f   RM3_sfun_registry.obj
 0001:000013f0       sf_process_get_jit_fallback_info_call 00000001800023f0 f   RM3_sfun_registry.obj
 0001:00001630       sf_process_get_updateBuildInfo_args_info_call 0000000180002630 f   RM3_sfun_registry.obj
 0001:00001870       sf_process_get_eml_resolved_functions_info_call 0000000180002870 f   RM3_sfun_registry.obj
 0001:00001a60       sf_process_get_post_codegen_info 0000000180002a60 f   RM3_sfun_registry.obj
 0001:00001c00       sf_mex_unlock_call         0000000180002c00 f   RM3_sfun_registry.obj
 0001:00001cb0       sf_machine_global_initializer_called 0000000180002cb0 f   RM3_sfun_registry.obj
 0001:00001ce0       sf_machine_global_method_dispatcher 0000000180002ce0 f   RM3_sfun_registry.obj
 0001:00001d80       sf_machine_global_terminator 0000000180002d80 f   RM3_sfun_registry.obj
 0001:00001dd0       sf_register_machine_exported_symbols 0000000180002dd0 f   RM3_sfun_registry.obj
 0001:00001e00       callCustomFcn              0000000180002e00 f   RM3_sfun_registry.obj
 0001:00001e10       sf_machine_global_initializer 0000000180002e10 f   RM3_sfun_registry.obj
 0001:00001ea0       mdlGetSimState             0000000180002ea0 f   RM3_sfun_registry.obj
 0001:00001f20       mdlSetSimState             0000000180002f20 f   RM3_sfun_registry.obj
 0001:00001f60       _ssSetStateAbsTol          0000000180002f60 f   RM3_sfun_registry.obj
 0001:00002040       _ssGetAbsTol               0000000180003040 f   RM3_sfun_registry.obj
 0001:000020b0       _ssSetInputPortMatrixDimensions 00000001800030b0 f   RM3_sfun_registry.obj
 0001:000021c0       _ssSetOutputPortMatrixDimensions 00000001800031c0 f   RM3_sfun_registry.obj
 0001:000022d0       _ssSetInputPortVectorDimension 00000001800032d0 f   RM3_sfun_registry.obj
 0001:000023a0       _ssSetOutputPortVectorDimension 00000001800033a0 f   RM3_sfun_registry.obj
 0001:00002470       ssIsRunTimeParamTunable    0000000180003470 f   RM3_sfun_registry.obj
 0001:000024e0       ssGetSFuncBlockHandle      00000001800034e0 f   RM3_sfun_registry.obj
 0001:00002550       _ssGetCurrentInputPortWidth 0000000180003550 f   RM3_sfun_registry.obj
 0001:00002670       _ssGetCurrentOutputPortWidth 0000000180003670 f   RM3_sfun_registry.obj
 0001:00002790       _ssGetCallSystemNumFcnCallDestinations 0000000180003790 f   RM3_sfun_registry.obj
 0001:00002800       ssWarning                  0000000180003800 f   RM3_sfun_registry.obj
 0001:00002910       ssGetIsZeroCrossControlDisabled 0000000180003910 f   RM3_sfun_registry.obj
 0001:00002980       ssSetIsInputPortUsedForContZcSignal 0000000180003980 f   RM3_sfun_registry.obj
 0001:000029f0       ssSetZcSignalIsZcElementDisc 00000001800039f0 f   RM3_sfun_registry.obj
 0001:00002aa0       ssSetZcSignalName          0000000180003aa0 f   RM3_sfun_registry.obj
 0001:00002b10       ssSetZcSignalWidth         0000000180003b10 f   RM3_sfun_registry.obj
 0001:00002b80       ssSetZcSignalZcEventType   0000000180003b80 f   RM3_sfun_registry.obj
 0001:00002bf0       ssSetZcSignalType          0000000180003bf0 f   RM3_sfun_registry.obj
 0001:00002c60       ssSetZcSignalZcTol         0000000180003c60 f   RM3_sfun_registry.obj
 0001:00002cd0       ssSetZcSignalNeedsEventNotification 0000000180003cd0 f   RM3_sfun_registry.obj
 0001:00002d40       ssCreateAndAddZcSignalInfo 0000000180003d40 f   RM3_sfun_registry.obj
 0001:00002db0       ssCloneAndAddZcSignalInfo  0000000180003db0 f   RM3_sfun_registry.obj
 0001:00002e20       ssGetNumZcSignals          0000000180003e20 f   RM3_sfun_registry.obj
 0001:00002e90       ssGetZcSignalVector        0000000180003e90 f   RM3_sfun_registry.obj
 0001:00002f00       ssGetZcSignalZcEvents      0000000180003f00 f   RM3_sfun_registry.obj
 0001:00002f70       ssGetZcSignalName          0000000180003f70 f   RM3_sfun_registry.obj
 0001:00002fe0       ssGetZcSignalWidth         0000000180003fe0 f   RM3_sfun_registry.obj
 0001:00003050       ssGetZcSignalZcEventType   0000000180004050 f   RM3_sfun_registry.obj
 0001:000030c0       ssGetZcSignalType          00000001800040c0 f   RM3_sfun_registry.obj
 0001:00003130       ssGetZcSignalZcTol         0000000180004130 f   RM3_sfun_registry.obj
 0001:000031b0       ssGetZcSignalNeedsEventNotification 00000001800041b0 f   RM3_sfun_registry.obj
 0001:00003220       ssGetZcSignalIsZcElementDisc 0000000180004220 f   RM3_sfun_registry.obj
 0001:000032c0       ssGetIsInputPortElementContinuous 00000001800042c0 f   RM3_sfun_registry.obj
 0001:00003360       _ssGetInputPortSignalPtrsFcn 0000000180004360 f   RM3_sfun_registry.obj
 0001:00003620       _ssGetInputPortSignalFcn   0000000180004620 f   RM3_sfun_registry.obj
 0001:00003840       _ssSetInputPortDirectFeedThroughFcn 0000000180004840 f   RM3_sfun_registry.obj
 0001:000039a0       _ssSetInputPortReusableFcn 00000001800049a0 f   RM3_sfun_registry.obj
 0001:00003a90       _ssSetOutputPortReusableFcn 0000000180004a90 f   RM3_sfun_registry.obj
 0001:00003b70       ssGetDTypeIdFromMxArray    0000000180004b70 f   RM3_sfun_registry.obj
 0001:00003c90       ssWriteRTWStr              0000000180004c90 f   RM3_sfun_registry.obj
 0001:00003cf0       ssWriteRTWMxVectParam      0000000180004cf0 f   RM3_sfun_registry.obj
 0001:00003d50       ssWriteRTWMx2dMatParam     0000000180004d50 f   RM3_sfun_registry.obj
 0001:00003dd0       ssWriteRTWNameValuePair    0000000180004dd0 f   RM3_sfun_registry.obj
 0001:000042c0       ssWriteRTWParameters       00000001800052c0 f   RM3_sfun_registry.obj
 0001:000048c0       ssWriteRTWParamSettings    00000001800058c0 f   RM3_sfun_registry.obj
 0001:00004f90       ssWriteRTWWorkVect         0000000180005f90 f   RM3_sfun_registry.obj
 0001:00005490       mexFunction                0000000180006490 f   RM3_sfun_registry.obj
 0001:000079e0       ProcessMexSfunctionEveryCall 00000001800089e0 f   RM3_sfun_registry.obj
 0001:00007b62       sf_debug_set_machine_data_thresholds 0000000180008b62 f   sf_runtime:sf_runtime.dll
 0001:00007b68       sf_debug_set_machine_event_thresholds 0000000180008b68 f   sf_runtime:sf_runtime.dll
 0001:00007b6e       sf_debug_initialize_machine 0000000180008b6e f   sf_runtime:sf_runtime.dll
 0001:00007b74       sf_load_rtw_optimization_info 0000000180008b74 f   sf_runtime:sf_runtime.dll
 0001:00007b7a       sf_debug_terminate         0000000180008b7a f   sf_runtime:sf_runtime.dll
 0001:00007b80       sf_debug_create_debug_instance_struct 0000000180008b80 f   sf_runtime:sf_runtime.dll
 0001:00007b86       sim_mode_is_rtw_gen        0000000180008b86 f   sf_runtime:sf_runtime.dll
 0001:00007b8c       sf_debug_api               0000000180008b8c f   sf_runtime:sf_runtime.dll
 0001:00007b92       callMdlMethodAndReportError 0000000180008b92 f   sf_runtime:sf_runtime.dll
 0001:00007b98       call_sf_machine_global_method_dispatcher 0000000180008b98 f   sf_runtime:sf_runtime.dll
 0001:00007b9e       sf_clear_error_manager_info 0000000180008b9e f   sf_runtime:sf_runtime.dll
 0001:00007ba4       sf_mex_error_direct_call   0000000180008ba4 f   sf_runtime:sf_runtime.dll
 0001:00007baa       mxCreateLogicalScalar      0000000180008baa f   libmx:libmx.dll
 0001:00007bb0       mxCreateDoubleMatrix_730   0000000180008bb0 f   libmx:libmx.dll
 0001:00007bb6       mxGetScalar                0000000180008bb6 f   libmx:libmx.dll
 0001:00007bbc       mxGetString_730            0000000180008bbc f   libmx:libmx.dll
 0001:00007bc2       mxIsChar                   0000000180008bc2 f   libmx:libmx.dll
 0001:00007bc8       mxGetPr                    0000000180008bc8 f   libmx:libmx.dll
 0001:00007bce       mxDestroyArray             0000000180008bce f   libmx:libmx.dll
 0001:00007bd4       mxCreateString             0000000180008bd4 f   libmx:libmx.dll
 0001:00007bda       mxGetClassID               0000000180008bda f   libmx:libmx.dll
 0001:00007be0       mxIsNumeric                0000000180008be0 f   libmx:libmx.dll
 0001:00007be6       mxIsComplex                0000000180008be6 f   libmx:libmx.dll
 0001:00007bec       mxGetN                     0000000180008bec f   libmx:libmx.dll
 0001:00007bf2       mxGetM                     0000000180008bf2 f   libmx:libmx.dll
 0001:00007bf8       mxCalloc                   0000000180008bf8 f   libmx:libmx.dll
 0001:00007bfe       mexMakeArrayPersistent     0000000180008bfe f   libmex:libmex.dll
 0001:00007c04       mexUnlock                  0000000180008c04 f   libmex:libmex.dll
 0001:00007c0a       mexIsLocked                0000000180008c0a f   libmex:libmex.dll
 0001:00007c10       mexWarnMsgTxt              0000000180008c10 f   libmex:libmex.dll
 0001:00007c16       mexCallMATLABWithObject    0000000180008c16 f   libmex:libmex.dll
 0001:00007c1c       mexErrMsgTxt               0000000180008c1c f   libmex:libmex.dll
 0001:00007c22       mexLock                    0000000180008c22 f   libmex:libmex.dll
 0001:00007c30       WECSim_Lib_initializer     0000000180008c30 f   WECSim_Lib_sfun:WECSim_Lib_sfun.obj
 0001:00007c40       WECSim_Lib_terminator      0000000180008c40 f   WECSim_Lib_sfun:WECSim_Lib_sfun.obj
 0001:00007c50       sf_WECSim_Lib_method_dispatcher 0000000180008c50 f   WECSim_Lib_sfun:WECSim_Lib_sfun.obj
 0001:00007d00       sf_WECSim_Lib_uses_exported_functions 0000000180008d00 f   WECSim_Lib_sfun:WECSim_Lib_sfun.obj
 0001:00007d40       sf_WECSim_Lib_process_testpoint_info_call 0000000180008d40 f   WECSim_Lib_sfun:WECSim_Lib_sfun.obj
 0001:00007ea0       sf_WECSim_Lib_process_check_sum_call 0000000180008ea0 f   WECSim_Lib_sfun:WECSim_Lib_sfun.obj
 0001:00008180       sf_WECSim_Lib_autoinheritance_info 0000000180009180 f   WECSim_Lib_sfun:WECSim_Lib_sfun.obj
 0001:00008360       sf_WECSim_Lib_get_eml_resolved_functions_info 0000000180009360 f   WECSim_Lib_sfun:WECSim_Lib_sfun.obj
 0001:000084d0       sf_WECSim_Lib_third_party_uses_info 00000001800094d0 f   WECSim_Lib_sfun:WECSim_Lib_sfun.obj
 0001:00008680       sf_WECSim_Lib_jit_fallback_info 0000000180009680 f   WECSim_Lib_sfun:WECSim_Lib_sfun.obj
 0001:00008830       sf_WECSim_Lib_updateBuildInfo_args_info 0000000180009830 f   WECSim_Lib_sfun:WECSim_Lib_sfun.obj
 0001:000089e0       sf_WECSim_Lib_get_post_codegen_info 00000001800099e0 f   WECSim_Lib_sfun:WECSim_Lib_sfun.obj
 0001:00008b10       WECSim_Lib_debug_initialize 0000000180009b10 f   WECSim_Lib_sfun:WECSim_Lib_sfun.obj
 0001:00008ba0       WECSim_Lib_register_exported_symbols 0000000180009ba0 f   WECSim_Lib_sfun:WECSim_Lib_sfun.obj
 0001:00008bb0       load_WECSim_Lib_optimization_info 0000000180009bb0 f   WECSim_Lib_sfun:WECSim_Lib_sfun.obj
 0001:00008c00       unload_WECSim_Lib_optimization_info 0000000180009c00 f   WECSim_Lib_sfun:WECSim_Lib_sfun.obj
 0001:00008c30       sf_c8_WECSim_Lib_get_eml_resolved_functions_info 0000000180009c30 f   WECSim_Lib_sfun:c8_WECSim_Lib.obj
 0001:0000be40       sf_c8_WECSim_Lib_get_check_sum 000000018000ce40 f   WECSim_Lib_sfun:c8_WECSim_Lib.obj
 0001:0000bec0       sf_c8_WECSim_Lib_get_autoinheritance_info 000000018000cec0 f   WECSim_Lib_sfun:c8_WECSim_Lib.obj
 0001:0000c320       sf_c8_WECSim_Lib_third_party_uses_info 000000018000d320 f   WECSim_Lib_sfun:c8_WECSim_Lib.obj
 0001:0000c350       sf_c8_WECSim_Lib_jit_fallback_info 000000018000d350 f   WECSim_Lib_sfun:c8_WECSim_Lib.obj
 0001:0000c420       sf_c8_WECSim_Lib_updateBuildInfo_args_info 000000018000d420 f   WECSim_Lib_sfun:c8_WECSim_Lib.obj
 0001:0000c450       sf_c8_WECSim_Lib_get_post_codegen_info 000000018000d450 f   WECSim_Lib_sfun:c8_WECSim_Lib.obj
 0001:0000c520       c8_WECSim_Lib_method_dispatcher 000000018000d520 f   WECSim_Lib_sfun:c8_WECSim_Lib.obj
 0001:0000f120       sf_c3_GyOgjRjuRYRTvtCoMdJDwH_WECSim_Lib_get_eml_resolved_functions_info 0000000180010120 f   WECSim_Lib_sfun:c3_GyOgjRjuRYRTvtCoMdJDwH_WECSim_Lib.obj
 0001:00016f20       sf_c3_GyOgjRjuRYRTvtCoMdJDwH_WECSim_Lib_get_check_sum 0000000180017f20 f   WECSim_Lib_sfun:c3_GyOgjRjuRYRTvtCoMdJDwH_WECSim_Lib.obj
 0001:00016fa0       sf_c3_GyOgjRjuRYRTvtCoMdJDwH_WECSim_Lib_get_autoinheritance_info 0000000180017fa0 f   WECSim_Lib_sfun:c3_GyOgjRjuRYRTvtCoMdJDwH_WECSim_Lib.obj
 0001:00017930       sf_c3_GyOgjRjuRYRTvtCoMdJDwH_WECSim_Lib_third_party_uses_info 0000000180018930 f   WECSim_Lib_sfun:c3_GyOgjRjuRYRTvtCoMdJDwH_WECSim_Lib.obj
 0001:00017960       sf_c3_GyOgjRjuRYRTvtCoMdJDwH_WECSim_Lib_jit_fallback_info 0000000180018960 f   WECSim_Lib_sfun:c3_GyOgjRjuRYRTvtCoMdJDwH_WECSim_Lib.obj
 0001:00017a30       sf_c3_GyOgjRjuRYRTvtCoMdJDwH_WECSim_Lib_updateBuildInfo_args_info 0000000180018a30 f   WECSim_Lib_sfun:c3_GyOgjRjuRYRTvtCoMdJDwH_WECSim_Lib.obj
 0001:00017a60       sf_c3_GyOgjRjuRYRTvtCoMdJDwH_WECSim_Lib_get_post_codegen_info 0000000180018a60 f   WECSim_Lib_sfun:c3_GyOgjRjuRYRTvtCoMdJDwH_WECSim_Lib.obj
 0001:00017b30       c3_GyOgjRjuRYRTvtCoMdJDwH_WECSim_Lib_method_dispatcher 0000000180018b30 f   WECSim_Lib_sfun:c3_GyOgjRjuRYRTvtCoMdJDwH_WECSim_Lib.obj
 0001:0001e810       sf_c3_7vqb7o7CaUJzbPKhFMyx3F_WECSim_Lib_get_eml_resolved_functions_info 000000018001f810 f   WECSim_Lib_sfun:c3_7vqb7o7CaUJzbPKhFMyx3F_WECSim_Lib.obj
 0001:00026610       sf_c3_7vqb7o7CaUJzbPKhFMyx3F_WECSim_Lib_get_check_sum 0000000180027610 f   WECSim_Lib_sfun:c3_7vqb7o7CaUJzbPKhFMyx3F_WECSim_Lib.obj
 0001:00026690       sf_c3_7vqb7o7CaUJzbPKhFMyx3F_WECSim_Lib_get_autoinheritance_info 0000000180027690 f   WECSim_Lib_sfun:c3_7vqb7o7CaUJzbPKhFMyx3F_WECSim_Lib.obj
 0001:00027020       sf_c3_7vqb7o7CaUJzbPKhFMyx3F_WECSim_Lib_third_party_uses_info 0000000180028020 f   WECSim_Lib_sfun:c3_7vqb7o7CaUJzbPKhFMyx3F_WECSim_Lib.obj
 0001:00027050       sf_c3_7vqb7o7CaUJzbPKhFMyx3F_WECSim_Lib_jit_fallback_info 0000000180028050 f   WECSim_Lib_sfun:c3_7vqb7o7CaUJzbPKhFMyx3F_WECSim_Lib.obj
 0001:00027120       sf_c3_7vqb7o7CaUJzbPKhFMyx3F_WECSim_Lib_updateBuildInfo_args_info 0000000180028120 f   WECSim_Lib_sfun:c3_7vqb7o7CaUJzbPKhFMyx3F_WECSim_Lib.obj
 0001:00027150       sf_c3_7vqb7o7CaUJzbPKhFMyx3F_WECSim_Lib_get_post_codegen_info 0000000180028150 f   WECSim_Lib_sfun:c3_7vqb7o7CaUJzbPKhFMyx3F_WECSim_Lib.obj
 0001:00027220       c3_7vqb7o7CaUJzbPKhFMyx3F_WECSim_Lib_method_dispatcher 0000000180028220 f   WECSim_Lib_sfun:c3_7vqb7o7CaUJzbPKhFMyx3F_WECSim_Lib.obj
 0001:0002e01c       __GSHandlerCheckCommon     000000018002f01c f   MSVCRT:gshandler.obj
 0001:0002e080       __GSHandlerCheck           000000018002f080 f   MSVCRT:gshandler.obj
 0001:0002e09e       strcmp                     000000018002f09e f   MSVCRT:MSVCR100.dll
 0001:0002e0c0       __security_check_cookie    000000018002f0c0 f   MSVCRT:amdsecgs.obj
 0001:0002e0e0       free                       000000018002f0e0 f   MSVCRT:MSVCR100.dll
 0001:0002e0e6       sprintf                    000000018002f0e6 f   MSVCRT:MSVCR100.dll
 0001:0002e0ec       malloc                     000000018002f0ec f   MSVCRT:MSVCR100.dll
 0001:0002e0f2       strlen                     000000018002f0f2 f   MSVCRT:MSVCR100.dll
 0001:0002e0f8       strcat                     000000018002f0f8 f   MSVCRT:MSVCR100.dll
 0001:0002e0fe       memcpy                     000000018002f0fe f   MSVCRT:MSVCR100.dll
 0001:0002e104       NtCurrentTeb               000000018002f104 f i MSVCRT:crtdll.obj
 0001:0002e170       _CRT_INIT                  000000018002f170 f   MSVCRT:crtdll.obj
 0001:0002e508       _DllMainCRTStartup         000000018002f508 f   MSVCRT:crtdll.obj
 0001:0002e546       memset                     000000018002f546 f   MSVCRT:MSVCR100.dll
 0001:0002e560       __chkstk                   000000018002f560 f   MSVCRT:chkstk.obj
 0001:0002e560       _alloca_probe              000000018002f560     MSVCRT:chkstk.obj
 0001:0002e5b0       __report_gsfailure         000000018002f5b0 f   MSVCRT:gs_report.obj
 0001:0002e6fc       __clean_type_info_names    000000018002f6fc f   MSVCRT:tncleanup.obj
 0001:0002e708       _onexit                    000000018002f708 f   MSVCRT:atonexit.obj
 0001:0002e7b8       atexit                     000000018002f7b8 f   MSVCRT:atonexit.obj
 0001:0002e7d0       _RTC_Initialize            000000018002f7d0 f   MSVCRT:_initsect_.obj
 0001:0002e808       _RTC_Terminate             000000018002f808 f   MSVCRT:_initsect_.obj
 0001:0002e840       _malloc_crt                000000018002f840 f   MSVCRT:MSVCR100.dll
 0001:0002e850       _ValidateImageBase         000000018002f850 f   MSVCRT:pesect.obj
 0001:0002e880       _FindPESection             000000018002f880 f   MSVCRT:pesect.obj
 0001:0002e8d0       _IsNonwritableInCurrentImage 000000018002f8d0 f   MSVCRT:pesect.obj
 0001:0002e912       _initterm                  000000018002f912 f   MSVCRT:MSVCR100.dll
 0001:0002e918       _initterm_e                000000018002f918 f   MSVCRT:MSVCR100.dll
 0001:0002e91e       _encoded_null              000000018002f91e f   MSVCRT:MSVCR100.dll
 0001:0002e924       _amsg_exit                 000000018002f924 f   MSVCRT:MSVCR100.dll
 0001:0002e92a       __C_specific_handler       000000018002f92a f   MSVCRT:MSVCR100.dll
 0001:0002e930       __CppXcptFilter            000000018002f930 f   MSVCRT:MSVCR100.dll
 0001:0002e938       DllMain                    000000018002f938 f   MSVCRT:dllmain.obj
 0001:0002e95c       __security_init_cookie     000000018002f95c f   MSVCRT:gs_support.obj
 0001:0002ea10       __crt_debugger_hook        000000018002fa10 f   MSVCRT:MSVCR100.dll
 0001:0002ea16       __clean_type_info_names_internal 000000018002fa16 f   MSVCRT:MSVCR100.dll
 0001:0002ea1c       _unlock                    000000018002fa1c f   MSVCRT:MSVCR100.dll
 0001:0002ea22       __dllonexit                000000018002fa22 f   MSVCRT:MSVCR100.dll
 0001:0002ea28       _lock                      000000018002fa28 f   MSVCRT:MSVCR100.dll
 0001:0002ea2e       EncodePointer              000000018002fa2e f   kernel32:KERNEL32.dll
 0001:0002ea34       DecodePointer              000000018002fa34 f   kernel32:KERNEL32.dll
 0001:0002ea3a       Sleep                      000000018002fa3a f   kernel32:KERNEL32.dll
 0001:0002ea40       TerminateProcess           000000018002fa40 f   kernel32:KERNEL32.dll
 0001:0002ea46       GetCurrentProcess          000000018002fa46 f   kernel32:KERNEL32.dll
 0001:0002ea4c       UnhandledExceptionFilter   000000018002fa4c f   kernel32:KERNEL32.dll
 0001:0002ea52       SetUnhandledExceptionFilter 000000018002fa52 f   kernel32:KERNEL32.dll
 0001:0002ea58       IsDebuggerPresent          000000018002fa58 f   kernel32:KERNEL32.dll
 0001:0002ea5e       RtlVirtualUnwind           000000018002fa5e f   kernel32:KERNEL32.dll
 0001:0002ea64       RtlLookupFunctionEntry     000000018002fa64 f   kernel32:KERNEL32.dll
 0001:0002ea6a       RtlCaptureContext          000000018002fa6a f   kernel32:KERNEL32.dll
 0001:0002ea70       DisableThreadLibraryCalls  000000018002fa70 f   kernel32:KERNEL32.dll
 0001:0002ea76       QueryPerformanceCounter    000000018002fa76 f   kernel32:KERNEL32.dll
 0001:0002ea7c       GetTickCount               000000018002fa7c f   kernel32:KERNEL32.dll
 0001:0002ea82       GetCurrentThreadId         000000018002fa82 f   kernel32:KERNEL32.dll
 0001:0002ea88       GetCurrentProcessId        000000018002fa88 f   kernel32:KERNEL32.dll
 0001:0002ea8e       GetSystemTimeAsFileTime    000000018002fa8e f   kernel32:KERNEL32.dll
 0001:0002ea94       sf_mex_emlrtNameCapturePostProcessR2012a 000000018002fa94 f   sf_runtime:sf_runtime.dll
 0001:0002ea9a       sf_mex_assign              000000018002fa9a f   sf_runtime:sf_runtime.dll
 0001:0002eaa0       sf_mex_createstruct        000000018002faa0 f   sf_runtime:sf_runtime.dll
 0001:0002eaa6       sf_mex_destroy             000000018002faa6 f   sf_runtime:sf_runtime.dll
 0001:0002eaac       sf_mex_duplicatearraysafe  000000018002faac f   sf_runtime:sf_runtime.dll
 0001:0002eab2       sf_mex_createcellmatrix    000000018002fab2 f   sf_runtime:sf_runtime.dll
 0001:0002eab8       sf_mex_addfield            000000018002fab8 f   sf_runtime:sf_runtime.dll
 0001:0002eabe       sf_mex_create              000000018002fabe f   sf_runtime:sf_runtime.dll
 0001:0002eac4       sf_mex_error_message       000000018002fac4 f   sf_runtime:sf_runtime.dll
 0001:0002eaca       sf_set_rtw_dwork_info      000000018002faca f   sf_runtime:sf_runtime.dll
 0001:0002ead0       sf_mark_chart_reusable_outputs 000000018002fad0 f   sf_runtime:sf_runtime.dll
 0001:0002ead6       sf_mark_chart_expressionable_inputs 000000018002fad6 f   sf_runtime:sf_runtime.dll
 0001:0002eadc       sf_update_buildInfo        000000018002fadc f   sf_runtime:sf_runtime.dll
 0001:0002eae2       sf_rtw_info_uint_prop      000000018002fae2 f   sf_runtime:sf_runtime.dll
 0001:0002eae8       sf_is_chart_inlinable      000000018002fae8 f   sf_runtime:sf_runtime.dll
 0001:0002eaee       sim_mode_is_external       000000018002faee f   sf_runtime:sf_runtime.dll
 0001:0002eaf4       ssGetOutputPortSignal_wrapper 000000018002faf4 f   sf_runtime:sf_runtime.dll
 0001:0002eafa       ssGetInputPortSignal_wrapper 000000018002fafa f   sf_runtime:sf_runtime.dll
 0001:0002eb00       sf_mex_decode_encoded_mx_struct_array 000000018002fb00 f   sf_runtime:sf_runtime.dll
 0001:0002eb06       sf_debug_reset_current_state_configuration 000000018002fb06 f   sf_runtime:sf_runtime.dll
 0001:0002eb0c       sf_debug_set_instance_data_value_ptr 000000018002fb0c f   sf_runtime:sf_runtime.dll
 0001:0002eb12       sf_debug_set_chart_data_compiled_props 000000018002fb12 f   sf_runtime:sf_runtime.dll
 0001:0002eb18       cv_eml_init_fcn            000000018002fb18 f   sf_runtime:sf_runtime.dll
 0001:0002eb1e       cv_eml_init_script         000000018002fb1e f   sf_runtime:sf_runtime.dll
 0001:0002eb24       sf_debug_cv_init_trans     000000018002fb24 f   sf_runtime:sf_runtime.dll
 0001:0002eb2a       sf_debug_cv_init_state     000000018002fb2a f   sf_runtime:sf_runtime.dll
 0001:0002eb30       sf_debug_cv_init_chart     000000018002fb30 f   sf_runtime:sf_runtime.dll
 0001:0002eb36       sf_debug_set_chart_decomposition 000000018002fb36 f   sf_runtime:sf_runtime.dll
 0001:0002eb3c       sf_debug_set_chart_substate_count 000000018002fb3c f   sf_runtime:sf_runtime.dll
 0001:0002eb42       sf_debug_set_chart_state_info 000000018002fb42 f   sf_runtime:sf_runtime.dll
 0001:0002eb48       sf_debug_set_chart_data_props 000000018002fb48 f   sf_runtime:sf_runtime.dll
 0001:0002eb4e       sf_debug_set_chart_event_thresholds 000000018002fb4e f   sf_runtime:sf_runtime.dll
 0001:0002eb54       sf_debug_set_chart_disable_implicit_casting 000000018002fb54 f   sf_runtime:sf_runtime.dll
 0001:0002eb5a       sf_debug_initialize_chart  000000018002fb5a f   sf_runtime:sf_runtime.dll
 0001:0002eb60       sf_mex_dup                 000000018002fb60 f   sf_runtime:sf_runtime.dll
 0001:0002eb66       sf_mex_import              000000018002fb66 f   sf_runtime:sf_runtime.dll
 0001:0002eb6c       sf_get_time                000000018002fb6c f   sf_runtime:sf_runtime.dll
 0001:0002eb72       sf_debug_check_for_state_inconsistency 000000018002fb72 f   sf_runtime:sf_runtime.dll
 0001:0002eb78       sf_debug_symbol_scope_pop  000000018002fb78 f   sf_runtime:sf_runtime.dll
 0001:0002eb7e       eml_debug_line_call        000000018002fb7e f   sf_runtime:sf_runtime.dll
 0001:0002eb84       cv_eml_eval                000000018002fb84 f   sf_runtime:sf_runtime.dll
 0001:0002eb8a       sf_debug_symbol_scope_add_eml 000000018002fb8a f   sf_runtime:sf_runtime.dll
 0001:0002eb90       sf_debug_symbol_scope_add_eml_importable 000000018002fb90 f   sf_runtime:sf_runtime.dll
 0001:0002eb96       sf_debug_symbol_scope_push_eml 000000018002fb96 f   sf_runtime:sf_runtime.dll
 0001:0002eb9c       sf_debug_data_range_wrapper 000000018002fb9c f   sf_runtime:sf_runtime.dll
 0001:0002eba2       sf_debug_call              000000018002fba2 f   sf_runtime:sf_runtime.dll
 0001:0002eba8       sf_debug_symbol_scope_push 000000018002fba8 f   sf_runtime:sf_runtime.dll
 0001:0002ebae       sf_mex_call_debug          000000018002fbae f   sf_runtime:sf_runtime.dll
 0001:0002ebb4       sf_mex_setcell             000000018002fbb4 f   sf_runtime:sf_runtime.dll
 0001:0002ebba       sf_mex_getcell             000000018002fbba f   sf_runtime:sf_runtime.dll
 0001:0002ebc0       sf_clear_rtw_identifier    000000018002fbc0 f   sf_runtime:sf_runtime.dll
 0001:0002ebc6       cv_eml_init_relational     000000018002fbc6 f   sf_runtime:sf_runtime.dll
 0001:0002ebcc       cv_eml_init_for            000000018002fbcc f   sf_runtime:sf_runtime.dll
 0001:0002ebd2       cv_eml_init_if             000000018002fbd2 f   sf_runtime:sf_runtime.dll
 0001:0002ebd8       sf_mex_listen_for_ctrl_c   000000018002fbd8 f   sf_runtime:sf_runtime.dll
 0001:0002ebde       sf_debug_eml_data_array_bounds_error_check 000000018002fbde f   sf_runtime:sf_runtime.dll
 0001:0002ebe4       sf_debug_integer_check     000000018002fbe4 f   sf_runtime:sf_runtime.dll
 0001:0002ebea       cv_eval_relational         000000018002fbea f   sf_runtime:sf_runtime.dll
 0001:0002ebf0       mxDuplicateArray           000000018002fbf0 f   libmx:libmx.dll
 0001:0002ebf6       mxCreateDoubleScalar       000000018002fbf6 f   libmx:libmx.dll
 0001:0002ebfc       mxSetField_730             000000018002fbfc f   libmx:libmx.dll
 0001:0002ec02       mxCreateStructMatrix_730   000000018002fc02 f   libmx:libmx.dll
 0001:0002ec08       mxCreateCellMatrix_730     000000018002fc08 f   libmx:libmx.dll
 0001:0002ec0e       mxCreateCellArray_730      000000018002fc0e f   libmx:libmx.dll
 0001:0002ec14       mxCreateStructArray_730    000000018002fc14 f   libmx:libmx.dll
 0001:0002ec1a       mxIsEmpty                  000000018002fc1a f   libmx:libmx.dll
 0001:0002ec20       utMalloc                   000000018002fc20 f   libut:libut.dll
 0001:0002ec26       utFree                     000000018002fc26 f   libut:libut.dll
 0001:0002ec2c       muDoubleScalarAsin         000000018002fc2c f   libmwmathutil:libmwmathutil.dll
 0001:0002ec32       muDoubleScalarAtan2        000000018002fc32 f   libmwmathutil:libmwmathutil.dll
 0001:0002ec38       muDoubleScalarAbs          000000018002fc38 f   libmwmathutil:libmwmathutil.dll
 0001:0002ec3e       muDoubleScalarFloor        000000018002fc3e f   libmwmathutil:libmwmathutil.dll
 0002:00000000       __imp_DecodePointer        0000000180030000     kernel32:KERNEL32.dll
 0002:00000008       __imp_Sleep                0000000180030008     kernel32:KERNEL32.dll
 0002:00000010       __imp_TerminateProcess     0000000180030010     kernel32:KERNEL32.dll
 0002:00000018       __imp_GetCurrentProcess    0000000180030018     kernel32:KERNEL32.dll
 0002:00000020       __imp_UnhandledExceptionFilter 0000000180030020     kernel32:KERNEL32.dll
 0002:00000028       __imp_GetSystemTimeAsFileTime 0000000180030028     kernel32:KERNEL32.dll
 0002:00000030       __imp_GetCurrentProcessId  0000000180030030     kernel32:KERNEL32.dll
 0002:00000038       __imp_GetCurrentThreadId   0000000180030038     kernel32:KERNEL32.dll
 0002:00000040       __imp_GetTickCount         0000000180030040     kernel32:KERNEL32.dll
 0002:00000048       __imp_QueryPerformanceCounter 0000000180030048     kernel32:KERNEL32.dll
 0002:00000050       __imp_DisableThreadLibraryCalls 0000000180030050     kernel32:KERNEL32.dll
 0002:00000058       __imp_RtlCaptureContext    0000000180030058     kernel32:KERNEL32.dll
 0002:00000060       __imp_RtlLookupFunctionEntry 0000000180030060     kernel32:KERNEL32.dll
 0002:00000068       __imp_RtlVirtualUnwind     0000000180030068     kernel32:KERNEL32.dll
 0002:00000070       __imp_IsDebuggerPresent    0000000180030070     kernel32:KERNEL32.dll
 0002:00000078       __imp_SetUnhandledExceptionFilter 0000000180030078     kernel32:KERNEL32.dll
 0002:00000080       __imp_EncodePointer        0000000180030080     kernel32:KERNEL32.dll
 0002:00000088       \177KERNEL32_NULL_THUNK_DATA 0000000180030088     kernel32:KERNEL32.dll
 0002:00000090       __imp___C_specific_handler 0000000180030090     MSVCRT:MSVCR100.dll
 0002:00000098       __imp___CppXcptFilter      0000000180030098     MSVCRT:MSVCR100.dll
 0002:000000a0       __imp__amsg_exit           00000001800300a0     MSVCRT:MSVCR100.dll
 0002:000000a8       __imp__encoded_null        00000001800300a8     MSVCRT:MSVCR100.dll
 0002:000000b0       __imp__onexit              00000001800300b0     MSVCRT:MSVCR100.dll
 0002:000000b8       __imp__lock                00000001800300b8     MSVCRT:MSVCR100.dll
 0002:000000c0       __imp___dllonexit          00000001800300c0     MSVCRT:MSVCR100.dll
 0002:000000c8       __imp__unlock              00000001800300c8     MSVCRT:MSVCR100.dll
 0002:000000d0       __imp___clean_type_info_names_internal 00000001800300d0     MSVCRT:MSVCR100.dll
 0002:000000d8       __imp__initterm_e          00000001800300d8     MSVCRT:MSVCR100.dll
 0002:000000e0       __imp__initterm            00000001800300e0     MSVCRT:MSVCR100.dll
 0002:000000e8       __imp__malloc_crt          00000001800300e8     MSVCRT:MSVCR100.dll
 0002:000000f0       __imp_memset               00000001800300f0     MSVCRT:MSVCR100.dll
 0002:000000f8       __imp_memcpy               00000001800300f8     MSVCRT:MSVCR100.dll
 0002:00000100       __imp_strcat               0000000180030100     MSVCRT:MSVCR100.dll
 0002:00000108       __imp_strlen               0000000180030108     MSVCRT:MSVCR100.dll
 0002:00000110       __imp_malloc               0000000180030110     MSVCRT:MSVCR100.dll
 0002:00000118       __imp_strcmp               0000000180030118     MSVCRT:MSVCR100.dll
 0002:00000120       __imp_free                 0000000180030120     MSVCRT:MSVCR100.dll
 0002:00000128       __imp_sprintf              0000000180030128     MSVCRT:MSVCR100.dll
 0002:00000130       __imp___crt_debugger_hook  0000000180030130     MSVCRT:MSVCR100.dll
 0002:00000138       \177MSVCR100_NULL_THUNK_DATA 0000000180030138     MSVCRT:MSVCR100.dll
 0002:00000140       __imp_mexLock              0000000180030140     libmex:libmex.dll
 0002:00000148       __imp_mexErrMsgTxt         0000000180030148     libmex:libmex.dll
 0002:00000150       __imp_mexCallMATLABWithObject 0000000180030150     libmex:libmex.dll
 0002:00000158       __imp_mexWarnMsgTxt        0000000180030158     libmex:libmex.dll
 0002:00000160       __imp_mexIsLocked          0000000180030160     libmex:libmex.dll
 0002:00000168       __imp_mexUnlock            0000000180030168     libmex:libmex.dll
 0002:00000170       __imp_mexMakeArrayPersistent 0000000180030170     libmex:libmex.dll
 0002:00000178       \177libmex_NULL_THUNK_DATA 0000000180030178     libmex:libmex.dll
 0002:00000180       __imp_muDoubleScalarAtan2  0000000180030180     libmwmathutil:libmwmathutil.dll
 0002:00000188       __imp_muDoubleScalarAbs    0000000180030188     libmwmathutil:libmwmathutil.dll
 0002:00000190       __imp_muDoubleScalarFloor  0000000180030190     libmwmathutil:libmwmathutil.dll
 0002:00000198       __imp_muDoubleScalarAsin   0000000180030198     libmwmathutil:libmwmathutil.dll
 0002:000001a0       \177libmwmathutil_NULL_THUNK_DATA 00000001800301a0     libmwmathutil:libmwmathutil.dll
 0002:000001a8       __imp_mxCalloc             00000001800301a8     libmx:libmx.dll
 0002:000001b0       __imp_mxGetM               00000001800301b0     libmx:libmx.dll
 0002:000001b8       __imp_mxGetN               00000001800301b8     libmx:libmx.dll
 0002:000001c0       __imp_mxIsComplex          00000001800301c0     libmx:libmx.dll
 0002:000001c8       __imp_mxIsNumeric          00000001800301c8     libmx:libmx.dll
 0002:000001d0       __imp_mxGetClassID         00000001800301d0     libmx:libmx.dll
 0002:000001d8       __imp_mxCreateString       00000001800301d8     libmx:libmx.dll
 0002:000001e0       __imp_mxDestroyArray       00000001800301e0     libmx:libmx.dll
 0002:000001e8       __imp_mxGetPr              00000001800301e8     libmx:libmx.dll
 0002:000001f0       __imp_mxIsChar             00000001800301f0     libmx:libmx.dll
 0002:000001f8       __imp_mxGetString_730      00000001800301f8     libmx:libmx.dll
 0002:00000200       __imp_mxGetScalar          0000000180030200     libmx:libmx.dll
 0002:00000208       __imp_mxCreateDoubleMatrix_730 0000000180030208     libmx:libmx.dll
 0002:00000210       __imp_mxCreateLogicalScalar 0000000180030210     libmx:libmx.dll
 0002:00000218       __imp_mxCreateDoubleScalar 0000000180030218     libmx:libmx.dll
 0002:00000220       __imp_mxSetField_730       0000000180030220     libmx:libmx.dll
 0002:00000228       __imp_mxIsEmpty            0000000180030228     libmx:libmx.dll
 0002:00000230       __imp_mxCreateStructArray_730 0000000180030230     libmx:libmx.dll
 0002:00000238       __imp_mxCreateCellArray_730 0000000180030238     libmx:libmx.dll
 0002:00000240       __imp_mxCreateCellMatrix_730 0000000180030240     libmx:libmx.dll
 0002:00000248       __imp_mxCreateStructMatrix_730 0000000180030248     libmx:libmx.dll
 0002:00000250       __imp_mxDuplicateArray     0000000180030250     libmx:libmx.dll
 0002:00000258       \177libmx_NULL_THUNK_DATA  0000000180030258     libmx:libmx.dll
 0002:00000260       __imp_utFree               0000000180030260     libut:libut.dll
 0002:00000268       __imp_utMalloc             0000000180030268     libut:libut.dll
 0002:00000270       \177libut_NULL_THUNK_DATA  0000000180030270     libut:libut.dll
 0002:00000278       __imp_sf_mex_destroy       0000000180030278     sf_runtime:sf_runtime.dll
 0002:00000280       __imp_sf_mex_duplicatearraysafe 0000000180030280     sf_runtime:sf_runtime.dll
 0002:00000288       __imp_sf_mex_createcellmatrix 0000000180030288     sf_runtime:sf_runtime.dll
 0002:00000290       __imp_sf_mex_addfield      0000000180030290     sf_runtime:sf_runtime.dll
 0002:00000298       __imp_sf_mex_create        0000000180030298     sf_runtime:sf_runtime.dll
 0002:000002a0       __imp_sf_mex_error_message 00000001800302a0     sf_runtime:sf_runtime.dll
 0002:000002a8       __imp_sf_set_rtw_dwork_info 00000001800302a8     sf_runtime:sf_runtime.dll
 0002:000002b0       __imp_sf_mark_chart_reusable_outputs 00000001800302b0     sf_runtime:sf_runtime.dll
 0002:000002b8       __imp_sf_mark_chart_expressionable_inputs 00000001800302b8     sf_runtime:sf_runtime.dll
 0002:000002c0       __imp_sf_update_buildInfo  00000001800302c0     sf_runtime:sf_runtime.dll
 0002:000002c8       __imp_sf_rtw_info_uint_prop 00000001800302c8     sf_runtime:sf_runtime.dll
 0002:000002d0       __imp_sf_is_chart_inlinable 00000001800302d0     sf_runtime:sf_runtime.dll
 0002:000002d8       __imp_sim_mode_is_external 00000001800302d8     sf_runtime:sf_runtime.dll
 0002:000002e0       __imp_ssGetOutputPortSignal_wrapper 00000001800302e0     sf_runtime:sf_runtime.dll
 0002:000002e8       __imp_ssGetInputPortSignal_wrapper 00000001800302e8     sf_runtime:sf_runtime.dll
 0002:000002f0       __imp_sf_mex_decode_encoded_mx_struct_array 00000001800302f0     sf_runtime:sf_runtime.dll
 0002:000002f8       __imp_sf_debug_reset_current_state_configuration 00000001800302f8     sf_runtime:sf_runtime.dll
 0002:00000300       __imp_sf_debug_set_instance_data_value_ptr 0000000180030300     sf_runtime:sf_runtime.dll
 0002:00000308       __imp_sf_debug_set_chart_data_compiled_props 0000000180030308     sf_runtime:sf_runtime.dll
 0002:00000310       __imp_cv_eml_init_fcn      0000000180030310     sf_runtime:sf_runtime.dll
 0002:00000318       __imp_sf_mex_createstruct  0000000180030318     sf_runtime:sf_runtime.dll
 0002:00000320       __imp_sf_debug_cv_init_trans 0000000180030320     sf_runtime:sf_runtime.dll
 0002:00000328       __imp_sf_debug_cv_init_state 0000000180030328     sf_runtime:sf_runtime.dll
 0002:00000330       __imp_sf_debug_cv_init_chart 0000000180030330     sf_runtime:sf_runtime.dll
 0002:00000338       __imp_sf_debug_set_chart_decomposition 0000000180030338     sf_runtime:sf_runtime.dll
 0002:00000340       __imp_sf_debug_set_chart_substate_count 0000000180030340     sf_runtime:sf_runtime.dll
 0002:00000348       __imp_sf_debug_set_chart_state_info 0000000180030348     sf_runtime:sf_runtime.dll
 0002:00000350       __imp_sf_debug_set_chart_data_props 0000000180030350     sf_runtime:sf_runtime.dll
 0002:00000358       __imp_sf_debug_set_chart_event_thresholds 0000000180030358     sf_runtime:sf_runtime.dll
 0002:00000360       __imp_sf_debug_set_chart_disable_implicit_casting 0000000180030360     sf_runtime:sf_runtime.dll
 0002:00000368       __imp_sf_debug_initialize_chart 0000000180030368     sf_runtime:sf_runtime.dll
 0002:00000370       __imp_sf_mex_dup           0000000180030370     sf_runtime:sf_runtime.dll
 0002:00000378       __imp_sf_mex_import        0000000180030378     sf_runtime:sf_runtime.dll
 0002:00000380       __imp_sf_get_time          0000000180030380     sf_runtime:sf_runtime.dll
 0002:00000388       __imp_sf_debug_check_for_state_inconsistency 0000000180030388     sf_runtime:sf_runtime.dll
 0002:00000390       __imp_sf_debug_symbol_scope_pop 0000000180030390     sf_runtime:sf_runtime.dll
 0002:00000398       __imp_eml_debug_line_call  0000000180030398     sf_runtime:sf_runtime.dll
 0002:000003a0       __imp_cv_eml_eval          00000001800303a0     sf_runtime:sf_runtime.dll
 0002:000003a8       __imp_sf_debug_symbol_scope_add_eml 00000001800303a8     sf_runtime:sf_runtime.dll
 0002:000003b0       __imp_sf_debug_symbol_scope_add_eml_importable 00000001800303b0     sf_runtime:sf_runtime.dll
 0002:000003b8       __imp_sf_debug_symbol_scope_push_eml 00000001800303b8     sf_runtime:sf_runtime.dll
 0002:000003c0       __imp_sf_debug_data_range_wrapper 00000001800303c0     sf_runtime:sf_runtime.dll
 0002:000003c8       __imp_sf_debug_call        00000001800303c8     sf_runtime:sf_runtime.dll
 0002:000003d0       __imp_sf_debug_symbol_scope_push 00000001800303d0     sf_runtime:sf_runtime.dll
 0002:000003d8       __imp_sf_mex_call_debug    00000001800303d8     sf_runtime:sf_runtime.dll
 0002:000003e0       __imp_sf_mex_setcell       00000001800303e0     sf_runtime:sf_runtime.dll
 0002:000003e8       __imp_sf_mex_getcell       00000001800303e8     sf_runtime:sf_runtime.dll
 0002:000003f0       __imp_sf_clear_rtw_identifier 00000001800303f0     sf_runtime:sf_runtime.dll
 0002:000003f8       __imp_cv_eml_init_relational 00000001800303f8     sf_runtime:sf_runtime.dll
 0002:00000400       __imp_cv_eml_init_for      0000000180030400     sf_runtime:sf_runtime.dll
 0002:00000408       __imp_cv_eml_init_if       0000000180030408     sf_runtime:sf_runtime.dll
 0002:00000410       __imp_sf_mex_listen_for_ctrl_c 0000000180030410     sf_runtime:sf_runtime.dll
 0002:00000418       __imp_sf_debug_eml_data_array_bounds_error_check 0000000180030418     sf_runtime:sf_runtime.dll
 0002:00000420       __imp_sf_debug_integer_check 0000000180030420     sf_runtime:sf_runtime.dll
 0002:00000428       __imp_cv_eval_relational   0000000180030428     sf_runtime:sf_runtime.dll
 0002:00000430       __imp_sf_mex_assign        0000000180030430     sf_runtime:sf_runtime.dll
 0002:00000438       __imp_sf_mex_emlrtNameCapturePostProcessR2012a 0000000180030438     sf_runtime:sf_runtime.dll
 0002:00000440       __imp_sf_debug_create_debug_instance_struct 0000000180030440     sf_runtime:sf_runtime.dll
 0002:00000448       __imp_sim_mode_is_rtw_gen  0000000180030448     sf_runtime:sf_runtime.dll
 0002:00000450       __imp_sf_debug_api         0000000180030450     sf_runtime:sf_runtime.dll
 0002:00000458       __imp_callMdlMethodAndReportError 0000000180030458     sf_runtime:sf_runtime.dll
 0002:00000460       __imp_call_sf_machine_global_method_dispatcher 0000000180030460     sf_runtime:sf_runtime.dll
 0002:00000468       __imp_sf_clear_error_manager_info 0000000180030468     sf_runtime:sf_runtime.dll
 0002:00000470       __imp_sf_mex_error_direct_call 0000000180030470     sf_runtime:sf_runtime.dll
 0002:00000478       __imp_cv_eml_init_script   0000000180030478     sf_runtime:sf_runtime.dll
 0002:00000480       __imp_sf_debug_terminate   0000000180030480     sf_runtime:sf_runtime.dll
 0002:00000488       __imp_sf_load_rtw_optimization_info 0000000180030488     sf_runtime:sf_runtime.dll
 0002:00000490       __imp_sf_debug_initialize_machine 0000000180030490     sf_runtime:sf_runtime.dll
 0002:00000498       __imp_sf_debug_set_machine_event_thresholds 0000000180030498     sf_runtime:sf_runtime.dll
 0002:000004a0       __imp_sf_debug_set_machine_data_thresholds 00000001800304a0     sf_runtime:sf_runtime.dll
 0002:000004a8       \177sf_runtime_NULL_THUNK_DATA 00000001800304a8     sf_runtime:sf_runtime.dll
 0002:000004b0       __xc_a                     00000001800304b0     MSVCRT:cinitexe.obj
 0002:000004b8       __xc_z                     00000001800304b8     MSVCRT:cinitexe.obj
 0002:000004c0       __xi_a                     00000001800304c0     MSVCRT:cinitexe.obj
 0002:000004d0       __xi_z                     00000001800304d0     MSVCRT:cinitexe.obj
 0002:000004e0       __real@41e7b2f6c1600000    00000001800304e0     RM3_sfun.obj
 0002:000004e8       __real@41c894223a000000    00000001800304e8     RM3_sfun.obj
 0002:000004f0       __real@41e36c3ecd800000    00000001800304f0     RM3_sfun.obj
 0002:000004f8       __real@41e71ebf67200000    00000001800304f8     RM3_sfun.obj
 0002:00000500       __real@41e012e10fc00000    0000000180030500     RM3_sfun.obj
 0002:00000508       __real@41bf561b21000000    0000000180030508     RM3_sfun.obj
 0002:00000510       __real@41ee80404f000000    0000000180030510     RM3_sfun.obj
 0002:00000518       __real@41d014764ac00000    0000000180030518     RM3_sfun.obj
 0002:00000520       __real@41db20b84b800000    0000000180030520     RM3_sfun.obj
 0002:00000528       __real@41df4ffcb2800000    0000000180030528     RM3_sfun.obj
 0002:00000530       __real@41e4134ff2600000    0000000180030530     RM3_sfun.obj
 0002:00000538       __real@41e91fd06b400000    0000000180030538     RM3_sfun.obj
 0002:00000540       __real@41c15261de000000    0000000180030540     RM3_sfun.obj
 0002:00000548       __real@41cbccc24a000000    0000000180030548     RM3_sfun.obj
 0002:00000550       __real@41e055b54bc00000    0000000180030550     RM3_sfun.obj
 0002:00000558       __real@41c57cc570800000    0000000180030558     RM3_sfun.obj
 0002:00000560       DYNAMIC_DIMENSION_DEF      0000000180030560     RM3_sfun_registry.obj
 0002:00000580       _ssBadLevel2InputAccessMsg 0000000180030580     RM3_sfun_registry.obj
 0002:00000710       _ssBadLevel2DirectFeedMsg  0000000180030710     RM3_sfun_registry.obj
 0002:00000850       _ssBadLevel2DirectFeedSolutionMsg 0000000180030850     RM3_sfun_registry.obj
 0002:000008c0       _ssBadLevel2ZeroDirectFeedMsg 00000001800308c0     RM3_sfun_registry.obj
 0002:00000a00       _ssBadLevel2ZeroDirectFeedMsg2 0000000180030a00     RM3_sfun_registry.obj
 0002:00000ae8       __real@0000000000000000    0000000180030ae8     RM3_sfun_registry.obj
 0002:00000af0       __real@bff0000000000000    0000000180030af0     RM3_sfun_registry.obj
 0002:00000af8       __real@41602cbca0000000    0000000180030af8     RM3_sfun_registry.obj
 0002:00000b00       __real@41d71c74f4000000    0000000180030b00     WECSim_Lib_sfun:WECSim_Lib_sfun.obj
 0002:00000b08       __real@41d3b18a87400000    0000000180030b08     WECSim_Lib_sfun:WECSim_Lib_sfun.obj
 0002:00000b10       __real@41df91929dc00000    0000000180030b10     WECSim_Lib_sfun:WECSim_Lib_sfun.obj
 0002:00000b18       __real@41d5910408c00000    0000000180030b18     WECSim_Lib_sfun:WECSim_Lib_sfun.obj
 0002:00000b20       __real@41e3c47bd3200000    0000000180030b20     WECSim_Lib_sfun:c8_WECSim_Lib.obj
 0002:00000b28       __real@41c5160099800000    0000000180030b28     WECSim_Lib_sfun:c8_WECSim_Lib.obj
 0002:00000b30       __real@41de5061bbc00000    0000000180030b30     WECSim_Lib_sfun:c8_WECSim_Lib.obj
 0002:00000b38       __real@41eafc86ecc00000    0000000180030b38     WECSim_Lib_sfun:c8_WECSim_Lib.obj
 0002:00000b40       __real@4008000000000000    0000000180030b40     WECSim_Lib_sfun:c8_WECSim_Lib.obj
 0002:00000b48       __real@4024000000000000    0000000180030b48     WECSim_Lib_sfun:c8_WECSim_Lib.obj
 0002:00000b50       __real@3ff0000000000000    0000000180030b50     WECSim_Lib_sfun:c8_WECSim_Lib.obj
 0002:00000b58       __real@4010000000000000    0000000180030b58     WECSim_Lib_sfun:c8_WECSim_Lib.obj
 0002:00000b60       __real@4000000000000000    0000000180030b60     WECSim_Lib_sfun:c8_WECSim_Lib.obj
 0002:00000b68       __real@41c6171d80800000    0000000180030b68     WECSim_Lib_sfun:c3_GyOgjRjuRYRTvtCoMdJDwH_WECSim_Lib.obj
 0002:00000b70       __real@41e9780bd0c00000    0000000180030b70     WECSim_Lib_sfun:c3_GyOgjRjuRYRTvtCoMdJDwH_WECSim_Lib.obj
 0002:00000b78       __real@41e889a3c2800000    0000000180030b78     WECSim_Lib_sfun:c3_GyOgjRjuRYRTvtCoMdJDwH_WECSim_Lib.obj
 0002:00000b80       __real@41af96184a000000    0000000180030b80     WECSim_Lib_sfun:c3_GyOgjRjuRYRTvtCoMdJDwH_WECSim_Lib.obj
 0002:00000b88       __real@4082c80000000000    0000000180030b88     WECSim_Lib_sfun:c3_GyOgjRjuRYRTvtCoMdJDwH_WECSim_Lib.obj
 0002:00000b90       __real@4018000000000000    0000000180030b90     WECSim_Lib_sfun:c3_GyOgjRjuRYRTvtCoMdJDwH_WECSim_Lib.obj
 0002:00000b98       __real@3e45798ee2308c3a    0000000180030b98     WECSim_Lib_sfun:c3_GyOgjRjuRYRTvtCoMdJDwH_WECSim_Lib.obj
 0002:00000ba0       __real@4014000000000000    0000000180030ba0     WECSim_Lib_sfun:c3_GyOgjRjuRYRTvtCoMdJDwH_WECSim_Lib.obj
 0002:00000ba8       __real@41efa840a2000000    0000000180030ba8     WECSim_Lib_sfun:c3_7vqb7o7CaUJzbPKhFMyx3F_WECSim_Lib.obj
 0002:00000bb0       __real@41e634bd47e00000    0000000180030bb0     WECSim_Lib_sfun:c3_7vqb7o7CaUJzbPKhFMyx3F_WECSim_Lib.obj
 0002:00000bb8       __real@41e1407f92e00000    0000000180030bb8     WECSim_Lib_sfun:c3_7vqb7o7CaUJzbPKhFMyx3F_WECSim_Lib.obj
 0002:00000bc0       __real@41d66fee00400000    0000000180030bc0     WECSim_Lib_sfun:c3_7vqb7o7CaUJzbPKhFMyx3F_WECSim_Lib.obj
 0002:00000bc8       __real@4028000000000000    0000000180030bc8     WECSim_Lib_sfun:c3_7vqb7o7CaUJzbPKhFMyx3F_WECSim_Lib.obj
 0002:00000bd0       _pDefaultRawDllMain        0000000180030bd0     MSVCRT:crtdll.obj
 0002:00000bd0       _pRawDllMain               0000000180030bd0     MSVCRT:crtdll.obj
 0002:00000be8       ?ProcessDetach@NativeDll@<CrtImplementationDetails>@@0IB 0000000180030be8     MSVCRT:tncleanup.obj
 0002:00000bec       ?ProcessAttach@NativeDll@<CrtImplementationDetails>@@0IB 0000000180030bec     MSVCRT:tncleanup.obj
 0002:00000bf0       ?ThreadAttach@NativeDll@<CrtImplementationDetails>@@0IB 0000000180030bf0     MSVCRT:tncleanup.obj
 0002:00000bf4       ?ThreadDetach@NativeDll@<CrtImplementationDetails>@@0IB 0000000180030bf4     MSVCRT:tncleanup.obj
 0002:00000bf8       ?ProcessVerifier@NativeDll@<CrtImplementationDetails>@@0IB 0000000180030bf8     MSVCRT:tncleanup.obj
 0002:00000c00       __rtc_iaa                  0000000180030c00     MSVCRT:_initsect_.obj
 0002:00000c08       __rtc_izz                  0000000180030c08     MSVCRT:_initsect_.obj
 0002:00000c10       __rtc_taa                  0000000180030c10     MSVCRT:_initsect_.obj
 0002:00000c18       __rtc_tzz                  0000000180030c18     MSVCRT:_initsect_.obj
 0002:000018e4       __IMPORT_DESCRIPTOR_sf_runtime 00000001800318e4     sf_runtime:sf_runtime.dll
 0002:000018f8       __IMPORT_DESCRIPTOR_libmx  00000001800318f8     libmx:libmx.dll
 0002:0000190c       __IMPORT_DESCRIPTOR_libmex 000000018003190c     libmex:libmex.dll
 0002:00001920       __IMPORT_DESCRIPTOR_MSVCR100 0000000180031920     MSVCRT:MSVCR100.dll
 0002:00001934       __IMPORT_DESCRIPTOR_KERNEL32 0000000180031934     kernel32:KERNEL32.dll
 0002:00001948       __IMPORT_DESCRIPTOR_libut  0000000180031948     libut:libut.dll
 0002:0000195c       __IMPORT_DESCRIPTOR_libmwmathutil 000000018003195c     libmwmathutil:libmwmathutil.dll
 0002:00001970       __NULL_IMPORT_DESCRIPTOR   0000000180031970     sf_runtime:sf_runtime.dll
 0003:00000318       DYNAMIC_DIMENSION          0000000180033318     RM3_sfun_registry.obj
 0003:0000e430       __security_cookie          0000000180041430     MSVCRT:gs_cookie.obj
 0003:0000e438       __security_cookie_complement 0000000180041438     MSVCRT:gs_cookie.obj
 0003:0000e440       _fltused                   0000000180041440     MSVCRT:dllsupp.obj
 0003:0000e450       __native_dllmain_reason    0000000180041450     MSVCRT:natstart.obj
 0003:0000e454       __native_vcclrit_reason    0000000180041454     MSVCRT:natstart.obj
 0003:0000e538       sfGlobalDebugInstanceStruct 0000000180041538     RM3_sfun_registry.obj
 0003:0000eb20       ?__type_info_root_node@@3U__type_info_node@@A 0000000180041b20     MSVCRT:tncleanup.obj
 0003:0000eb30       _RM3MachineNumber_         0000000180041b30     <common>
 0003:0000eb34       _WECSim_LibMachineNumber_  0000000180041b34     <common>
 0003:0000eb38       __native_startup_state     0000000180041b38     <common>
 0003:0000eb40       __native_startup_lock      0000000180041b40     <common>
 0003:0000eb48       __onexitend                0000000180041b48     <common>
 0003:0000eb50       __onexitbegin              0000000180041b50     <common>
 0003:0000eb58       __dyn_tls_init_callback    0000000180041b58     <common>

 entry point at        0001:0002e508

 Static symbols

 0001:00001ee0       getChartInfoFromSimStruct  0000000180002ee0 f   RM3_sfun_registry.obj
 0001:00003580       _ssFatalError              0000000180004580 f   RM3_sfun_registry.obj
 0001:00006630       ProcessMexSfunctionCmdLineCall 0000000180007630 f   RM3_sfun_registry.obj
 0001:00006800       sf_debug_api_wrapper       0000000180007800 f   RM3_sfun_registry.obj
 0001:00006850       mdlStart                   0000000180007850 f   RM3_sfun_registry.obj
 0001:00006880       mdl_start_processing       0000000180007880 f   RM3_sfun_registry.obj
 0001:00006940       mdlTerminate               0000000180007940 f   RM3_sfun_registry.obj
 0001:00006970       mdl_terminate_processing   0000000180007970 f   RM3_sfun_registry.obj
 0001:000069f0       mdlInitializeSampleTimes   00000001800079f0 f   RM3_sfun_registry.obj
 0001:00006a20       mdlZeroCrossings           0000000180007a20 f   RM3_sfun_registry.obj
 0001:00006a50       mdl_zeroCrossings_processing 0000000180007a50 f   RM3_sfun_registry.obj
 0001:00006a90       mdlDerivatives             0000000180007a90 f   RM3_sfun_registry.obj
 0001:00006ac0       mdl_derivatives_processing 0000000180007ac0 f   RM3_sfun_registry.obj
 0001:00006b10       mdlInitializeConditions    0000000180007b10 f   RM3_sfun_registry.obj
 0001:00006b40       mdl_initialize_conditions_processing 0000000180007b40 f   RM3_sfun_registry.obj
 0001:00006b90       mdlEnable                  0000000180007b90 f   RM3_sfun_registry.obj
 0001:00006bc0       mdl_enable_processing      0000000180007bc0 f   RM3_sfun_registry.obj
 0001:00006c00       mdlDisable                 0000000180007c00 f   RM3_sfun_registry.obj
 0001:00006c30       mdl_disable_processing     0000000180007c30 f   RM3_sfun_registry.obj
 0001:00006c70       mdlOutputs                 0000000180007c70 f   RM3_sfun_registry.obj
 0001:00006ca0       mdl_outputs_processing     0000000180007ca0 f   RM3_sfun_registry.obj
 0001:00006d80       mdl_outputs_continuous_legacy 0000000180007d80 f   RM3_sfun_registry.obj
 0001:00006e70       mdlGetTimeOfNextVarHit     0000000180007e70 f   RM3_sfun_registry.obj
 0001:00006ec0       _ProcessMexSfunctionCmdLineCall 0000000180007ec0 f   RM3_sfun_registry.obj
 0001:00007610       mdlSetWorkWidths           0000000180008610 f   RM3_sfun_registry.obj
 0001:00007640       mdlProcessParameters       0000000180008640 f   RM3_sfun_registry.obj
 0001:00007670       mdlInitializeSizes         0000000180008670 f   RM3_sfun_registry.obj
 0001:000076a0       mdlExtModeExec             00000001800086a0 f   RM3_sfun_registry.obj
 0001:000076d0       mdl_ext_mode_exec_processing 00000001800086d0 f   RM3_sfun_registry.obj
 0001:00007710       mdlRTW                     0000000180008710 f   RM3_sfun_registry.obj
 0001:00007750       _CreateSimStruct           0000000180008750 f   RM3_sfun_registry.obj
 0001:000078e0       _RegNumInputPortsCB        00000001800088e0 f   RM3_sfun_registry.obj
 0001:00007960       _RegNumOutputPortsCB       0000000180008960 f   RM3_sfun_registry.obj
 0001:00008ca0       c8_info_helper             0000000180009ca0 f   WECSim_Lib_sfun:c8_WECSim_Lib.obj
 0001:0000bd40       c8_emlrt_marshallOut       000000018000cd40 f   WECSim_Lib_sfun:c8_WECSim_Lib.obj
 0001:0000bdd0       c8_b_emlrt_marshallOut     000000018000cdd0 f   WECSim_Lib_sfun:c8_WECSim_Lib.obj
 0001:0000c590       mdlProcessParameters_c8_WECSim_Lib 000000018000d590 f   WECSim_Lib_sfun:c8_WECSim_Lib.obj
 0001:0000c670       initialize_params_c8_WECSim_Lib 000000018000d670 f   WECSim_Lib_sfun:c8_WECSim_Lib.obj
 0001:0000c680       mdlSetWorkWidths_c8_WECSim_Lib 000000018000d680 f   WECSim_Lib_sfun:c8_WECSim_Lib.obj
 0001:0000cb50       sf_get_instance_specialization 000000018000db50 f   WECSim_Lib_sfun:c8_WECSim_Lib.obj
 0001:0000cb60       mdlStart_c8_WECSim_Lib     000000018000db60 f   WECSim_Lib_sfun:c8_WECSim_Lib.obj
 0001:0000cde0       init_dsm_address_info      000000018000dde0 f   WECSim_Lib_sfun:c8_WECSim_Lib.obj
 0001:0000cdf0       init_simulink_io_address   000000018000ddf0 f   WECSim_Lib_sfun:c8_WECSim_Lib.obj
 0001:0000ce40       sf_get_sim_state_info_c8_WECSim_Lib 000000018000de40 f   WECSim_Lib_sfun:c8_WECSim_Lib.obj
 0001:0000cf00       chart_debug_initialization 000000018000df00 f   WECSim_Lib_sfun:c8_WECSim_Lib.obj
 0001:0000d630       init_script_number_translation 000000018000e630 f   WECSim_Lib_sfun:c8_WECSim_Lib.obj
 0001:0000d650       c8_sf_marshallOut          000000018000e650 f   WECSim_Lib_sfun:c8_WECSim_Lib.obj
 0001:0000d7b0       c8_sf_marshallIn           000000018000e7b0 f   WECSim_Lib_sfun:c8_WECSim_Lib.obj
 0001:0000d8b0       c8_b_emlrt_marshallIn      000000018000e8b0 f   WECSim_Lib_sfun:c8_WECSim_Lib.obj
 0001:0000d9a0       c8_b_sf_marshallOut        000000018000e9a0 f   WECSim_Lib_sfun:c8_WECSim_Lib.obj
 0001:0000db00       sf_opaque_initialize_c8_WECSim_Lib 000000018000eb00 f   WECSim_Lib_sfun:c8_WECSim_Lib.obj
 0001:0000db40       initialize_c8_WECSim_Lib   000000018000eb40 f   WECSim_Lib_sfun:c8_WECSim_Lib.obj
 0001:0000db90       sf_opaque_enable_c8_WECSim_Lib 000000018000eb90 f   WECSim_Lib_sfun:c8_WECSim_Lib.obj
 0001:0000dbb0       enable_c8_WECSim_Lib       000000018000ebb0 f   WECSim_Lib_sfun:c8_WECSim_Lib.obj
 0001:0000dbe0       sf_opaque_disable_c8_WECSim_Lib 000000018000ebe0 f   WECSim_Lib_sfun:c8_WECSim_Lib.obj
 0001:0000dc00       disable_c8_WECSim_Lib      000000018000ec00 f   WECSim_Lib_sfun:c8_WECSim_Lib.obj
 0001:0000dc30       sf_opaque_gateway_c8_WECSim_Lib 000000018000ec30 f   WECSim_Lib_sfun:c8_WECSim_Lib.obj
 0001:0000dc50       sf_gateway_c8_WECSim_Lib   000000018000ec50 f   WECSim_Lib_sfun:c8_WECSim_Lib.obj
 0001:0000e620       c8_c_sf_marshallOut        000000018000f620 f   WECSim_Lib_sfun:c8_WECSim_Lib.obj
 0001:0000e6d0       c8_b_sf_marshallIn         000000018000f6d0 f   WECSim_Lib_sfun:c8_WECSim_Lib.obj
 0001:0000e770       c8_c_emlrt_marshallIn      000000018000f770 f   WECSim_Lib_sfun:c8_WECSim_Lib.obj
 0001:0000e800       c8_mpower                  000000018000f800 f   WECSim_Lib_sfun:c8_WECSim_Lib.obj
 0001:0000e870       c8_eml_scalar_eg           000000018000f870 f   WECSim_Lib_sfun:c8_WECSim_Lib.obj
 0001:0000e880       c8_atan2                   000000018000f880 f   WECSim_Lib_sfun:c8_WECSim_Lib.obj
 0001:0000e8e0       c8_eml_error               000000018000f8e0 f   WECSim_Lib_sfun:c8_WECSim_Lib.obj
 0001:0000eb00       sf_opaque_get_sim_state_c8_WECSim_Lib 000000018000fb00 f   WECSim_Lib_sfun:c8_WECSim_Lib.obj
 0001:0000eb50       get_sim_state_c8_WECSim_Lib 000000018000fb50 f   WECSim_Lib_sfun:c8_WECSim_Lib.obj
 0001:0000ed30       sf_opaque_set_sim_state_c8_WECSim_Lib 000000018000fd30 f   WECSim_Lib_sfun:c8_WECSim_Lib.obj
 0001:0000ed80       set_sim_state_c8_WECSim_Lib 000000018000fd80 f   WECSim_Lib_sfun:c8_WECSim_Lib.obj
 0001:0000ee90       c8_update_debugger_state_c8_WECSim_Lib 000000018000fe90 f   WECSim_Lib_sfun:c8_WECSim_Lib.obj
 0001:0000eea0       c8_emlrt_marshallIn        000000018000fea0 f   WECSim_Lib_sfun:c8_WECSim_Lib.obj
 0001:0000ef10       c8_e_emlrt_marshallIn      000000018000ff10 f   WECSim_Lib_sfun:c8_WECSim_Lib.obj
 0001:0000ef70       c8_f_emlrt_marshallIn      000000018000ff70 f   WECSim_Lib_sfun:c8_WECSim_Lib.obj
 0001:0000f000       sf_opaque_terminate_c8_WECSim_Lib 0000000180010000 f   WECSim_Lib_sfun:c8_WECSim_Lib.obj
 0001:0000f0a0       finalize_c8_WECSim_Lib     00000001800100a0 f   WECSim_Lib_sfun:c8_WECSim_Lib.obj
 0001:0000f0b0       sf_opaque_init_subchart_simstructs 00000001800100b0 f   WECSim_Lib_sfun:c8_WECSim_Lib.obj
 0001:0000f0d0       initSimStructsc8_WECSim_Lib 00000001800100d0 f   WECSim_Lib_sfun:c8_WECSim_Lib.obj
 0001:0000f0e0       mdlRTW_c8_WECSim_Lib       00000001800100e0 f   WECSim_Lib_sfun:c8_WECSim_Lib.obj
 0001:0000f190       c3_GyOgjRjuRYRTvtCoMdJDwH_info_helper 0000000180010190 f   WECSim_Lib_sfun:c3_GyOgjRjuRYRTvtCoMdJDwH_WECSim_Lib.obj
 0001:00016e20       c3_GyOgjRjuRYRTvtCoMdJDwH_emlrt_marshallOut 0000000180017e20 f   WECSim_Lib_sfun:c3_GyOgjRjuRYRTvtCoMdJDwH_WECSim_Lib.obj
 0001:00016eb0       c3_GyOgjRjuRYRTvtCoMdJDwH_b_emlrt_marshallOut 0000000180017eb0 f   WECSim_Lib_sfun:c3_GyOgjRjuRYRTvtCoMdJDwH_WECSim_Lib.obj
 0001:00017ba0       mdlProcessParameters_c3_GyOgjRjuRYRTvtCoMdJDwH_WECSim_Lib 0000000180018ba0 f   WECSim_Lib_sfun:c3_GyOgjRjuRYRTvtCoMdJDwH_WECSim_Lib.obj
 0001:00017c80       initialize_params_c3_GyOgjRjuRYRTvtCoMdJDwH_WECSim_Lib 0000000180018c80 f   WECSim_Lib_sfun:c3_GyOgjRjuRYRTvtCoMdJDwH_WECSim_Lib.obj
 0001:00017c90       mdlSetWorkWidths_c3_GyOgjRjuRYRTvtCoMdJDwH_WECSim_Lib 0000000180018c90 f   WECSim_Lib_sfun:c3_GyOgjRjuRYRTvtCoMdJDwH_WECSim_Lib.obj
 0001:00018220       sf_get_instance_specialization 0000000180019220 f   WECSim_Lib_sfun:c3_GyOgjRjuRYRTvtCoMdJDwH_WECSim_Lib.obj
 0001:00018230       mdlStart_c3_GyOgjRjuRYRTvtCoMdJDwH_WECSim_Lib 0000000180019230 f   WECSim_Lib_sfun:c3_GyOgjRjuRYRTvtCoMdJDwH_WECSim_Lib.obj
 0001:000184b0       init_dsm_address_info      00000001800194b0 f   WECSim_Lib_sfun:c3_GyOgjRjuRYRTvtCoMdJDwH_WECSim_Lib.obj
 0001:000184c0       init_simulink_io_address   00000001800194c0 f   WECSim_Lib_sfun:c3_GyOgjRjuRYRTvtCoMdJDwH_WECSim_Lib.obj
 0001:00018590       sf_get_sim_state_info_c3_GyOgjRjuRYRTvtCoMdJDwH_WECSim_Lib 0000000180019590 f   WECSim_Lib_sfun:c3_GyOgjRjuRYRTvtCoMdJDwH_WECSim_Lib.obj
 0001:00018650       chart_debug_initialization 0000000180019650 f   WECSim_Lib_sfun:c3_GyOgjRjuRYRTvtCoMdJDwH_WECSim_Lib.obj
 0001:000195e0       init_script_number_translation 000000018001a5e0 f   WECSim_Lib_sfun:c3_GyOgjRjuRYRTvtCoMdJDwH_WECSim_Lib.obj
 0001:00019600       c3_GyOgjRjuRYRTvtCoMdJDwH_c_sf_marshallOut 000000018001a600 f   WECSim_Lib_sfun:c3_GyOgjRjuRYRTvtCoMdJDwH_WECSim_Lib.obj
 0001:00019760       c3_GyOgjRjuRYRTvtCoMdJDwH_c_sf_marshallIn 000000018001a760 f   WECSim_Lib_sfun:c3_GyOgjRjuRYRTvtCoMdJDwH_WECSim_Lib.obj
 0001:00019870       c3_GyOgjRjuRYRTvtCoMdJDwH_f_emlrt_marshallIn 000000018001a870 f   WECSim_Lib_sfun:c3_GyOgjRjuRYRTvtCoMdJDwH_WECSim_Lib.obj
 0001:00019960       c3_GyOgjRjuRYRTvtCoMdJDwH_d_sf_marshallOut 000000018001a960 f   WECSim_Lib_sfun:c3_GyOgjRjuRYRTvtCoMdJDwH_WECSim_Lib.obj
 0001:00019ac0       c3_GyOgjRjuRYRTvtCoMdJDwH_e_sf_marshallOut 000000018001aac0 f   WECSim_Lib_sfun:c3_GyOgjRjuRYRTvtCoMdJDwH_WECSim_Lib.obj
 0001:00019da0       c3_GyOgjRjuRYRTvtCoMdJDwH_f_sf_marshallOut 000000018001ada0 f   WECSim_Lib_sfun:c3_GyOgjRjuRYRTvtCoMdJDwH_WECSim_Lib.obj
 0001:00019fc0       c3_GyOgjRjuRYRTvtCoMdJDwH_g_sf_marshallOut 000000018001afc0 f   WECSim_Lib_sfun:c3_GyOgjRjuRYRTvtCoMdJDwH_WECSim_Lib.obj
 0001:0001a070       sf_opaque_initialize_c3_GyOgjRjuRYRTvtCoMdJDwH_WECSim_Lib 000000018001b070 f   WECSim_Lib_sfun:c3_GyOgjRjuRYRTvtCoMdJDwH_WECSim_Lib.obj
 0001:0001a0b0       initialize_c3_GyOgjRjuRYRTvtCoMdJDwH_WECSim_Lib 000000018001b0b0 f   WECSim_Lib_sfun:c3_GyOgjRjuRYRTvtCoMdJDwH_WECSim_Lib.obj
 0001:0001a110       sf_opaque_enable_c3_GyOgjRjuRYRTvtCoMdJDwH_WECSim_Lib 000000018001b110 f   WECSim_Lib_sfun:c3_GyOgjRjuRYRTvtCoMdJDwH_WECSim_Lib.obj
 0001:0001a130       enable_c3_GyOgjRjuRYRTvtCoMdJDwH_WECSim_Lib 000000018001b130 f   WECSim_Lib_sfun:c3_GyOgjRjuRYRTvtCoMdJDwH_WECSim_Lib.obj
 0001:0001a160       sf_opaque_disable_c3_GyOgjRjuRYRTvtCoMdJDwH_WECSim_Lib 000000018001b160 f   WECSim_Lib_sfun:c3_GyOgjRjuRYRTvtCoMdJDwH_WECSim_Lib.obj
 0001:0001a180       disable_c3_GyOgjRjuRYRTvtCoMdJDwH_WECSim_Lib 000000018001b180 f   WECSim_Lib_sfun:c3_GyOgjRjuRYRTvtCoMdJDwH_WECSim_Lib.obj
 0001:0001a1b0       sf_opaque_gateway_c3_GyOgjRjuRYRTvtCoMdJDwH_WECSim_Lib 000000018001b1b0 f   WECSim_Lib_sfun:c3_GyOgjRjuRYRTvtCoMdJDwH_WECSim_Lib.obj
 0001:0001a1d0       sf_gateway_c3_GyOgjRjuRYRTvtCoMdJDwH_WECSim_Lib 000000018001b1d0 f   WECSim_Lib_sfun:c3_GyOgjRjuRYRTvtCoMdJDwH_WECSim_Lib.obj
 0001:0001a5b0       c3_GyOgjRjuRYRTvtCoMdJDwH_chartstep_c3_GyOgjRjuRYRTvtCoMdJDwH_WE 000000018001b5b0 f   WECSim_Lib_sfun:c3_GyOgjRjuRYRTvtCoMdJDwH_WECSim_Lib.obj
 0001:0001c5d0       c3_GyOgjRjuRYRTvtCoMdJDwH_sf_marshallOut 000000018001d5d0 f   WECSim_Lib_sfun:c3_GyOgjRjuRYRTvtCoMdJDwH_WECSim_Lib.obj
 0001:0001c6f0       c3_GyOgjRjuRYRTvtCoMdJDwH_sf_marshallIn 000000018001d6f0 f   WECSim_Lib_sfun:c3_GyOgjRjuRYRTvtCoMdJDwH_WECSim_Lib.obj
 0001:0001c790       c3_GyOgjRjuRYRTvtCoMdJDwH_b_emlrt_marshallIn 000000018001d790 f   WECSim_Lib_sfun:c3_GyOgjRjuRYRTvtCoMdJDwH_WECSim_Lib.obj
 0001:0001c850       c3_GyOgjRjuRYRTvtCoMdJDwH_b_sf_marshallOut 000000018001d850 f   WECSim_Lib_sfun:c3_GyOgjRjuRYRTvtCoMdJDwH_WECSim_Lib.obj
 0001:0001cad0       c3_GyOgjRjuRYRTvtCoMdJDwH_b_sf_marshallIn 000000018001dad0 f   WECSim_Lib_sfun:c3_GyOgjRjuRYRTvtCoMdJDwH_WECSim_Lib.obj
 0001:0001cc30       c3_GyOgjRjuRYRTvtCoMdJDwH_d_emlrt_marshallIn 000000018001dc30 f   WECSim_Lib_sfun:c3_GyOgjRjuRYRTvtCoMdJDwH_WECSim_Lib.obj
 0001:0001cd70       c3_GyOgjRjuRYRTvtCoMdJDwH_d_sf_marshallIn 000000018001dd70 f   WECSim_Lib_sfun:c3_GyOgjRjuRYRTvtCoMdJDwH_WECSim_Lib.obj
 0001:0001ce10       c3_GyOgjRjuRYRTvtCoMdJDwH_g_emlrt_marshallIn 000000018001de10 f   WECSim_Lib_sfun:c3_GyOgjRjuRYRTvtCoMdJDwH_WECSim_Lib.obj
 0001:0001cea0       c3_GyOgjRjuRYRTvtCoMdJDwH_e_sf_marshallIn 000000018001dea0 f   WECSim_Lib_sfun:c3_GyOgjRjuRYRTvtCoMdJDwH_WECSim_Lib.obj
 0001:0001cfc0       c3_GyOgjRjuRYRTvtCoMdJDwH_h_emlrt_marshallIn 000000018001dfc0 f   WECSim_Lib_sfun:c3_GyOgjRjuRYRTvtCoMdJDwH_WECSim_Lib.obj
 0001:0001d0d0       c3_GyOgjRjuRYRTvtCoMdJDwH_h_sf_marshallOut 000000018001e0d0 f   WECSim_Lib_sfun:c3_GyOgjRjuRYRTvtCoMdJDwH_WECSim_Lib.obj
 0001:0001d2d0       c3_GyOgjRjuRYRTvtCoMdJDwH_f_sf_marshallIn 000000018001e2d0 f   WECSim_Lib_sfun:c3_GyOgjRjuRYRTvtCoMdJDwH_WECSim_Lib.obj
 0001:0001d420       c3_GyOgjRjuRYRTvtCoMdJDwH_i_emlrt_marshallIn 000000018001e420 f   WECSim_Lib_sfun:c3_GyOgjRjuRYRTvtCoMdJDwH_WECSim_Lib.obj
 0001:0001d530       c3_GyOgjRjuRYRTvtCoMdJDwH_abs 000000018001e530 f   WECSim_Lib_sfun:c3_GyOgjRjuRYRTvtCoMdJDwH_WECSim_Lib.obj
 0001:0001d570       c3_GyOgjRjuRYRTvtCoMdJDwH_trapz 000000018001e570 f   WECSim_Lib_sfun:c3_GyOgjRjuRYRTvtCoMdJDwH_WECSim_Lib.obj
 0001:0001dc00       c3_GyOgjRjuRYRTvtCoMdJDwH_intmin 000000018001ec00 f   WECSim_Lib_sfun:c3_GyOgjRjuRYRTvtCoMdJDwH_WECSim_Lib.obj
 0001:0001dc20       c3_GyOgjRjuRYRTvtCoMdJDwH_sum 000000018001ec20 f   WECSim_Lib_sfun:c3_GyOgjRjuRYRTvtCoMdJDwH_WECSim_Lib.obj
 0001:0001dd60       c3_GyOgjRjuRYRTvtCoMdJDwH_b_floor 000000018001ed60 f   WECSim_Lib_sfun:c3_GyOgjRjuRYRTvtCoMdJDwH_WECSim_Lib.obj
 0001:0001dd90       sf_opaque_get_sim_state_c3_GyOgjRjuRYRTvtCoMdJDwH_WECSim_Lib 000000018001ed90 f   WECSim_Lib_sfun:c3_GyOgjRjuRYRTvtCoMdJDwH_WECSim_Lib.obj
 0001:0001dde0       get_sim_state_c3_GyOgjRjuRYRTvtCoMdJDwH_WECSim_Lib 000000018001ede0 f   WECSim_Lib_sfun:c3_GyOgjRjuRYRTvtCoMdJDwH_WECSim_Lib.obj
 0001:0001e260       sf_opaque_set_sim_state_c3_GyOgjRjuRYRTvtCoMdJDwH_WECSim_Lib 000000018001f260 f   WECSim_Lib_sfun:c3_GyOgjRjuRYRTvtCoMdJDwH_WECSim_Lib.obj
 0001:0001e2b0       set_sim_state_c3_GyOgjRjuRYRTvtCoMdJDwH_WECSim_Lib 000000018001f2b0 f   WECSim_Lib_sfun:c3_GyOgjRjuRYRTvtCoMdJDwH_WECSim_Lib.obj
 0001:0001e4a0       c3_GyOgjRjuRYRTvtCoMdJDwH_update_debugger_state_c3_GyOgjRjuRYRTv 000000018001f4a0 f   WECSim_Lib_sfun:c3_GyOgjRjuRYRTvtCoMdJDwH_WECSim_Lib.obj
 0001:0001e4b0       c3_GyOgjRjuRYRTvtCoMdJDwH_emlrt_marshallIn 000000018001f4b0 f   WECSim_Lib_sfun:c3_GyOgjRjuRYRTvtCoMdJDwH_WECSim_Lib.obj
 0001:0001e520       c3_GyOgjRjuRYRTvtCoMdJDwH_c_emlrt_marshallIn 000000018001f520 f   WECSim_Lib_sfun:c3_GyOgjRjuRYRTvtCoMdJDwH_WECSim_Lib.obj
 0001:0001e590       c3_GyOgjRjuRYRTvtCoMdJDwH_e_emlrt_marshallIn 000000018001f590 f   WECSim_Lib_sfun:c3_GyOgjRjuRYRTvtCoMdJDwH_WECSim_Lib.obj
 0001:0001e600       c3_GyOgjRjuRYRTvtCoMdJDwH_k_emlrt_marshallIn 000000018001f600 f   WECSim_Lib_sfun:c3_GyOgjRjuRYRTvtCoMdJDwH_WECSim_Lib.obj
 0001:0001e660       c3_GyOgjRjuRYRTvtCoMdJDwH_l_emlrt_marshallIn 000000018001f660 f   WECSim_Lib_sfun:c3_GyOgjRjuRYRTvtCoMdJDwH_WECSim_Lib.obj
 0001:0001e6f0       sf_opaque_terminate_c3_GyOgjRjuRYRTvtCoMdJDwH_WECSim_Lib 000000018001f6f0 f   WECSim_Lib_sfun:c3_GyOgjRjuRYRTvtCoMdJDwH_WECSim_Lib.obj
 0001:0001e790       finalize_c3_GyOgjRjuRYRTvtCoMdJDwH_WECSim_Lib 000000018001f790 f   WECSim_Lib_sfun:c3_GyOgjRjuRYRTvtCoMdJDwH_WECSim_Lib.obj
 0001:0001e7a0       sf_opaque_init_subchart_simstructs 000000018001f7a0 f   WECSim_Lib_sfun:c3_GyOgjRjuRYRTvtCoMdJDwH_WECSim_Lib.obj
 0001:0001e7c0       initSimStructsc3_GyOgjRjuRYRTvtCoMdJDwH_WECSim_Lib 000000018001f7c0 f   WECSim_Lib_sfun:c3_GyOgjRjuRYRTvtCoMdJDwH_WECSim_Lib.obj
 0001:0001e7d0       mdlRTW_c3_GyOgjRjuRYRTvtCoMdJDwH_WECSim_Lib 000000018001f7d0 f   WECSim_Lib_sfun:c3_GyOgjRjuRYRTvtCoMdJDwH_WECSim_Lib.obj
 0001:0001e880       c3_7vqb7o7CaUJzbPKhFMyx3F_info_helper 000000018001f880 f   WECSim_Lib_sfun:c3_7vqb7o7CaUJzbPKhFMyx3F_WECSim_Lib.obj
 0001:00026510       c3_7vqb7o7CaUJzbPKhFMyx3F_emlrt_marshallOut 0000000180027510 f   WECSim_Lib_sfun:c3_7vqb7o7CaUJzbPKhFMyx3F_WECSim_Lib.obj
 0001:000265a0       c3_7vqb7o7CaUJzbPKhFMyx3F_b_emlrt_marshallOut 00000001800275a0 f   WECSim_Lib_sfun:c3_7vqb7o7CaUJzbPKhFMyx3F_WECSim_Lib.obj
 0001:00027290       mdlProcessParameters_c3_7vqb7o7CaUJzbPKhFMyx3F_WECSim_Lib 0000000180028290 f   WECSim_Lib_sfun:c3_7vqb7o7CaUJzbPKhFMyx3F_WECSim_Lib.obj
 0001:00027370       initialize_params_c3_7vqb7o7CaUJzbPKhFMyx3F_WECSim_Lib 0000000180028370 f   WECSim_Lib_sfun:c3_7vqb7o7CaUJzbPKhFMyx3F_WECSim_Lib.obj
 0001:00027380       mdlSetWorkWidths_c3_7vqb7o7CaUJzbPKhFMyx3F_WECSim_Lib 0000000180028380 f   WECSim_Lib_sfun:c3_7vqb7o7CaUJzbPKhFMyx3F_WECSim_Lib.obj
 0001:00027910       sf_get_instance_specialization 0000000180028910 f   WECSim_Lib_sfun:c3_7vqb7o7CaUJzbPKhFMyx3F_WECSim_Lib.obj
 0001:00027920       mdlStart_c3_7vqb7o7CaUJzbPKhFMyx3F_WECSim_Lib 0000000180028920 f   WECSim_Lib_sfun:c3_7vqb7o7CaUJzbPKhFMyx3F_WECSim_Lib.obj
 0001:00027ba0       init_dsm_address_info      0000000180028ba0 f   WECSim_Lib_sfun:c3_7vqb7o7CaUJzbPKhFMyx3F_WECSim_Lib.obj
 0001:00027bb0       init_simulink_io_address   0000000180028bb0 f   WECSim_Lib_sfun:c3_7vqb7o7CaUJzbPKhFMyx3F_WECSim_Lib.obj
 0001:00027c80       sf_get_sim_state_info_c3_7vqb7o7CaUJzbPKhFMyx3F_WECSim_Lib 0000000180028c80 f   WECSim_Lib_sfun:c3_7vqb7o7CaUJzbPKhFMyx3F_WECSim_Lib.obj
 0001:00027d40       chart_debug_initialization 0000000180028d40 f   WECSim_Lib_sfun:c3_7vqb7o7CaUJzbPKhFMyx3F_WECSim_Lib.obj
 0001:00028cd0       init_script_number_translation 0000000180029cd0 f   WECSim_Lib_sfun:c3_7vqb7o7CaUJzbPKhFMyx3F_WECSim_Lib.obj
 0001:00028cf0       c3_7vqb7o7CaUJzbPKhFMyx3F_c_sf_marshallOut 0000000180029cf0 f   WECSim_Lib_sfun:c3_7vqb7o7CaUJzbPKhFMyx3F_WECSim_Lib.obj
 0001:00028e70       c3_7vqb7o7CaUJzbPKhFMyx3F_c_sf_marshallIn 0000000180029e70 f   WECSim_Lib_sfun:c3_7vqb7o7CaUJzbPKhFMyx3F_WECSim_Lib.obj
 0001:00028f80       c3_7vqb7o7CaUJzbPKhFMyx3F_f_emlrt_marshallIn 0000000180029f80 f   WECSim_Lib_sfun:c3_7vqb7o7CaUJzbPKhFMyx3F_WECSim_Lib.obj
 0001:00029080       c3_7vqb7o7CaUJzbPKhFMyx3F_d_sf_marshallOut 000000018002a080 f   WECSim_Lib_sfun:c3_7vqb7o7CaUJzbPKhFMyx3F_WECSim_Lib.obj
 0001:00029210       c3_7vqb7o7CaUJzbPKhFMyx3F_e_sf_marshallOut 000000018002a210 f   WECSim_Lib_sfun:c3_7vqb7o7CaUJzbPKhFMyx3F_WECSim_Lib.obj
 0001:000294c0       c3_7vqb7o7CaUJzbPKhFMyx3F_f_sf_marshallOut 000000018002a4c0 f   WECSim_Lib_sfun:c3_7vqb7o7CaUJzbPKhFMyx3F_WECSim_Lib.obj
 0001:00029720       c3_7vqb7o7CaUJzbPKhFMyx3F_g_sf_marshallOut 000000018002a720 f   WECSim_Lib_sfun:c3_7vqb7o7CaUJzbPKhFMyx3F_WECSim_Lib.obj
 0001:000297d0       sf_opaque_initialize_c3_7vqb7o7CaUJzbPKhFMyx3F_WECSim_Lib 000000018002a7d0 f   WECSim_Lib_sfun:c3_7vqb7o7CaUJzbPKhFMyx3F_WECSim_Lib.obj
 0001:00029810       initialize_c3_7vqb7o7CaUJzbPKhFMyx3F_WECSim_Lib 000000018002a810 f   WECSim_Lib_sfun:c3_7vqb7o7CaUJzbPKhFMyx3F_WECSim_Lib.obj
 0001:00029870       sf_opaque_enable_c3_7vqb7o7CaUJzbPKhFMyx3F_WECSim_Lib 000000018002a870 f   WECSim_Lib_sfun:c3_7vqb7o7CaUJzbPKhFMyx3F_WECSim_Lib.obj
 0001:00029890       enable_c3_7vqb7o7CaUJzbPKhFMyx3F_WECSim_Lib 000000018002a890 f   WECSim_Lib_sfun:c3_7vqb7o7CaUJzbPKhFMyx3F_WECSim_Lib.obj
 0001:000298c0       sf_opaque_disable_c3_7vqb7o7CaUJzbPKhFMyx3F_WECSim_Lib 000000018002a8c0 f   WECSim_Lib_sfun:c3_7vqb7o7CaUJzbPKhFMyx3F_WECSim_Lib.obj
 0001:000298e0       disable_c3_7vqb7o7CaUJzbPKhFMyx3F_WECSim_Lib 000000018002a8e0 f   WECSim_Lib_sfun:c3_7vqb7o7CaUJzbPKhFMyx3F_WECSim_Lib.obj
 0001:00029910       sf_opaque_gateway_c3_7vqb7o7CaUJzbPKhFMyx3F_WECSim_Lib 000000018002a910 f   WECSim_Lib_sfun:c3_7vqb7o7CaUJzbPKhFMyx3F_WECSim_Lib.obj
 0001:00029930       sf_gateway_c3_7vqb7o7CaUJzbPKhFMyx3F_WECSim_Lib 000000018002a930 f   WECSim_Lib_sfun:c3_7vqb7o7CaUJzbPKhFMyx3F_WECSim_Lib.obj
 0001:00029d10       c3_7vqb7o7CaUJzbPKhFMyx3F_chartstep_c3_7vqb7o7CaUJzbPKhFMyx3F_WE 000000018002ad10 f   WECSim_Lib_sfun:c3_7vqb7o7CaUJzbPKhFMyx3F_WECSim_Lib.obj
 0001:0002bd10       c3_7vqb7o7CaUJzbPKhFMyx3F_sf_marshallOut 000000018002cd10 f   WECSim_Lib_sfun:c3_7vqb7o7CaUJzbPKhFMyx3F_WECSim_Lib.obj
 0001:0002be30       c3_7vqb7o7CaUJzbPKhFMyx3F_sf_marshallIn 000000018002ce30 f   WECSim_Lib_sfun:c3_7vqb7o7CaUJzbPKhFMyx3F_WECSim_Lib.obj
 0001:0002bed0       c3_7vqb7o7CaUJzbPKhFMyx3F_b_emlrt_marshallIn 000000018002ced0 f   WECSim_Lib_sfun:c3_7vqb7o7CaUJzbPKhFMyx3F_WECSim_Lib.obj
 0001:0002bf90       c3_7vqb7o7CaUJzbPKhFMyx3F_b_sf_marshallOut 000000018002cf90 f   WECSim_Lib_sfun:c3_7vqb7o7CaUJzbPKhFMyx3F_WECSim_Lib.obj
 0001:0002c250       c3_7vqb7o7CaUJzbPKhFMyx3F_b_sf_marshallIn 000000018002d250 f   WECSim_Lib_sfun:c3_7vqb7o7CaUJzbPKhFMyx3F_WECSim_Lib.obj
 0001:0002c3e0       c3_7vqb7o7CaUJzbPKhFMyx3F_d_emlrt_marshallIn 000000018002d3e0 f   WECSim_Lib_sfun:c3_7vqb7o7CaUJzbPKhFMyx3F_WECSim_Lib.obj
 0001:0002c520       c3_7vqb7o7CaUJzbPKhFMyx3F_d_sf_marshallIn 000000018002d520 f   WECSim_Lib_sfun:c3_7vqb7o7CaUJzbPKhFMyx3F_WECSim_Lib.obj
 0001:0002c5c0       c3_7vqb7o7CaUJzbPKhFMyx3F_g_emlrt_marshallIn 000000018002d5c0 f   WECSim_Lib_sfun:c3_7vqb7o7CaUJzbPKhFMyx3F_WECSim_Lib.obj
 0001:0002c650       c3_7vqb7o7CaUJzbPKhFMyx3F_e_sf_marshallIn 000000018002d650 f   WECSim_Lib_sfun:c3_7vqb7o7CaUJzbPKhFMyx3F_WECSim_Lib.obj
 0001:0002c780       c3_7vqb7o7CaUJzbPKhFMyx3F_h_emlrt_marshallIn 000000018002d780 f   WECSim_Lib_sfun:c3_7vqb7o7CaUJzbPKhFMyx3F_WECSim_Lib.obj
 0001:0002c880       c3_7vqb7o7CaUJzbPKhFMyx3F_h_sf_marshallOut 000000018002d880 f   WECSim_Lib_sfun:c3_7vqb7o7CaUJzbPKhFMyx3F_WECSim_Lib.obj
 0001:0002cad0       c3_7vqb7o7CaUJzbPKhFMyx3F_f_sf_marshallIn 000000018002dad0 f   WECSim_Lib_sfun:c3_7vqb7o7CaUJzbPKhFMyx3F_WECSim_Lib.obj
 0001:0002cc40       c3_7vqb7o7CaUJzbPKhFMyx3F_i_emlrt_marshallIn 000000018002dc40 f   WECSim_Lib_sfun:c3_7vqb7o7CaUJzbPKhFMyx3F_WECSim_Lib.obj
 0001:0002cd50       c3_7vqb7o7CaUJzbPKhFMyx3F_abs 000000018002dd50 f   WECSim_Lib_sfun:c3_7vqb7o7CaUJzbPKhFMyx3F_WECSim_Lib.obj
 0001:0002cd90       c3_7vqb7o7CaUJzbPKhFMyx3F_trapz 000000018002dd90 f   WECSim_Lib_sfun:c3_7vqb7o7CaUJzbPKhFMyx3F_WECSim_Lib.obj
 0001:0002d440       c3_7vqb7o7CaUJzbPKhFMyx3F_intmin 000000018002e440 f   WECSim_Lib_sfun:c3_7vqb7o7CaUJzbPKhFMyx3F_WECSim_Lib.obj
 0001:0002d460       c3_7vqb7o7CaUJzbPKhFMyx3F_sum 000000018002e460 f   WECSim_Lib_sfun:c3_7vqb7o7CaUJzbPKhFMyx3F_WECSim_Lib.obj
 0001:0002d590       c3_7vqb7o7CaUJzbPKhFMyx3F_b_floor 000000018002e590 f   WECSim_Lib_sfun:c3_7vqb7o7CaUJzbPKhFMyx3F_WECSim_Lib.obj
 0001:0002d5c0       sf_opaque_get_sim_state_c3_7vqb7o7CaUJzbPKhFMyx3F_WECSim_Lib 000000018002e5c0 f   WECSim_Lib_sfun:c3_7vqb7o7CaUJzbPKhFMyx3F_WECSim_Lib.obj
 0001:0002d610       get_sim_state_c3_7vqb7o7CaUJzbPKhFMyx3F_WECSim_Lib 000000018002e610 f   WECSim_Lib_sfun:c3_7vqb7o7CaUJzbPKhFMyx3F_WECSim_Lib.obj
 0001:0002da70       sf_opaque_set_sim_state_c3_7vqb7o7CaUJzbPKhFMyx3F_WECSim_Lib 000000018002ea70 f   WECSim_Lib_sfun:c3_7vqb7o7CaUJzbPKhFMyx3F_WECSim_Lib.obj
 0001:0002dac0       set_sim_state_c3_7vqb7o7CaUJzbPKhFMyx3F_WECSim_Lib 000000018002eac0 f   WECSim_Lib_sfun:c3_7vqb7o7CaUJzbPKhFMyx3F_WECSim_Lib.obj
 0001:0002dcb0       c3_7vqb7o7CaUJzbPKhFMyx3F_update_debugger_state_c3_7vqb7o7CaUJzb 000000018002ecb0 f   WECSim_Lib_sfun:c3_7vqb7o7CaUJzbPKhFMyx3F_WECSim_Lib.obj
 0001:0002dcc0       c3_7vqb7o7CaUJzbPKhFMyx3F_emlrt_marshallIn 000000018002ecc0 f   WECSim_Lib_sfun:c3_7vqb7o7CaUJzbPKhFMyx3F_WECSim_Lib.obj
 0001:0002dd30       c3_7vqb7o7CaUJzbPKhFMyx3F_c_emlrt_marshallIn 000000018002ed30 f   WECSim_Lib_sfun:c3_7vqb7o7CaUJzbPKhFMyx3F_WECSim_Lib.obj
 0001:0002dda0       c3_7vqb7o7CaUJzbPKhFMyx3F_e_emlrt_marshallIn 000000018002eda0 f   WECSim_Lib_sfun:c3_7vqb7o7CaUJzbPKhFMyx3F_WECSim_Lib.obj
 0001:0002de10       c3_7vqb7o7CaUJzbPKhFMyx3F_k_emlrt_marshallIn 000000018002ee10 f   WECSim_Lib_sfun:c3_7vqb7o7CaUJzbPKhFMyx3F_WECSim_Lib.obj
 0001:0002de70       c3_7vqb7o7CaUJzbPKhFMyx3F_l_emlrt_marshallIn 000000018002ee70 f   WECSim_Lib_sfun:c3_7vqb7o7CaUJzbPKhFMyx3F_WECSim_Lib.obj
 0001:0002df00       sf_opaque_terminate_c3_7vqb7o7CaUJzbPKhFMyx3F_WECSim_Lib 000000018002ef00 f   WECSim_Lib_sfun:c3_7vqb7o7CaUJzbPKhFMyx3F_WECSim_Lib.obj
 0001:0002dfa0       finalize_c3_7vqb7o7CaUJzbPKhFMyx3F_WECSim_Lib 000000018002efa0 f   WECSim_Lib_sfun:c3_7vqb7o7CaUJzbPKhFMyx3F_WECSim_Lib.obj
 0001:0002dfb0       sf_opaque_init_subchart_simstructs 000000018002efb0 f   WECSim_Lib_sfun:c3_7vqb7o7CaUJzbPKhFMyx3F_WECSim_Lib.obj
 0001:0002dfd0       initSimStructsc3_7vqb7o7CaUJzbPKhFMyx3F_WECSim_Lib 000000018002efd0 f   WECSim_Lib_sfun:c3_7vqb7o7CaUJzbPKhFMyx3F_WECSim_Lib.obj
 0001:0002dfe0       mdlRTW_c3_7vqb7o7CaUJzbPKhFMyx3F_WECSim_Lib 000000018002efe0 f   WECSim_Lib_sfun:c3_7vqb7o7CaUJzbPKhFMyx3F_WECSim_Lib.obj
 0001:0002e110       pre_c_init                 000000018002f110 f   MSVCRT:crtdll.obj
 0001:0002e3cc       __DllMainCRTStartup        000000018002f3cc f   MSVCRT:crtdll.obj
 0001:0002ec50       __DllMainCRTStartup$filt$0 000000018002fc50 f   MSVCRT:crtdll.obj
 0001:0002ec80       __DllMainCRTStartup$fin$1  000000018002fc80 f   MSVCRT:crtdll.obj
 0001:0002ec9a       _onexit$fin$0              000000018002fc9a f   MSVCRT:atonexit.obj
 0001:0002ecc0       _IsNonwritableInCurrentImage$filt$0 000000018002fcc0 f   MSVCRT:pesect.obj
