 RM3_sfun

 Timestamp is 54fa5125 (Fri Mar 06 18:15:17 2015)

 Preferred load address is 0000000180000000

 Start         Length     Name                   Class
 0001:00000000 0001efd4H .text                   CODE
 0001:0001efe0 00000092H .text$x                 CODE
 0002:00000000 000004b0H .idata$5                DATA
 0002:000004b0 00000008H .CRT$XCA                DATA
 0002:000004b8 00000008H .CRT$XCZ                DATA
 0002:000004c0 00000008H .CRT$XIA                DATA
 0002:000004c8 00000008H .CRT$XIAA               DATA
 0002:000004d0 00000008H .CRT$XIZ                DATA
 0002:000004e0 000006f4H .rdata                  DATA
 0002:00000bd8 00000008H .rtc$IAA                DATA
 0002:00000be0 00000008H .rtc$IZZ                DATA
 0002:00000be8 00000008H .rtc$TAA                DATA
 0002:00000bf0 00000008H .rtc$TZZ                DATA
 0002:00000bf8 00000a1cH .xdata                  DATA
 0002:00001614 0000008cH .idata$2                DATA
 0002:000016a0 00000014H .idata$3                DATA
 0002:000016b8 000004b0H .idata$4                DATA
 0002:00001b68 00000d14H .idata$6                DATA
 0002:00002880 0000004eH .edata                  DATA
 0003:00000000 00008b78H .data                   DATA
 0003:00008b80 000006e0H .bss                    DATA
 0004:00000000 00000b88H .pdata                  DATA

  Address         Publics by Value              Rva+Base               Lib:Object

 0000:00000000       ___safe_se_handler_table   0000000000000000     <absolute>
 0000:00000000       ___safe_se_handler_count   0000000000000000     <absolute>
 0000:00000000       __ImageBase                0000000180000000     <linker-defined>
 0001:00000000       RM3_initializer            0000000180001000 f   RM3_sfun.obj
 0001:00000010       RM3_terminator             0000000180001010 f   RM3_sfun.obj
 0001:00000020       sf_RM3_method_dispatcher   0000000180001020 f   RM3_sfun.obj
 0001:00000040       sf_RM3_uses_exported_functions 0000000180001040 f   RM3_sfun.obj
 0001:00000080       sf_RM3_process_check_sum_call 0000000180001080 f   RM3_sfun.obj
 0001:00000480       sf_RM3_autoinheritance_info 0000000180001480 f   RM3_sfun.obj
 0001:000005a0       sf_RM3_get_eml_resolved_functions_info 00000001800015a0 f   RM3_sfun.obj
 0001:00000680       sf_RM3_third_party_uses_info 0000000180001680 f   RM3_sfun.obj
 0001:000007a0       sf_RM3_jit_fallback_info   00000001800017a0 f   RM3_sfun.obj
 0001:000008c0       sf_RM3_updateBuildInfo_args_info 00000001800018c0 f   RM3_sfun.obj
 0001:000009e0       sf_RM3_get_post_codegen_info 00000001800019e0 f   RM3_sfun.obj
 0001:00000a80       RM3_debug_initialize       0000000180001a80 f   RM3_sfun.obj
 0001:00000b00       RM3_register_exported_symbols 0000000180001b00 f   RM3_sfun.obj
 0001:00000b10       load_RM3_optimization_info 0000000180001b10 f   RM3_sfun.obj
 0001:00000b60       unload_RM3_optimization_info 0000000180001b60 f   RM3_sfun.obj
 0001:00000b90       sf_process_check_sum_call  0000000180001b90 f   RM3_sfun_registry.obj
 0001:00000c00       sf_process_machine_uses_exported_functions_call 0000000180001c00 f   RM3_sfun_registry.obj
 0001:00000da0       sf_process_autoinheritance_call 0000000180001da0 f   RM3_sfun_registry.obj
 0001:00000fe0       sf_process_get_third_party_uses_info_call 0000000180001fe0 f   RM3_sfun_registry.obj
 0001:00001220       sf_process_get_jit_fallback_info_call 0000000180002220 f   RM3_sfun_registry.obj
 0001:00001460       sf_process_get_updateBuildInfo_args_info_call 0000000180002460 f   RM3_sfun_registry.obj
 0001:000016a0       sf_process_get_eml_resolved_functions_info_call 00000001800026a0 f   RM3_sfun_registry.obj
 0001:00001890       sf_process_get_post_codegen_info 0000000180002890 f   RM3_sfun_registry.obj
 0001:00001a30       sf_mex_unlock_call         0000000180002a30 f   RM3_sfun_registry.obj
 0001:00001ae0       sf_machine_global_initializer_called 0000000180002ae0 f   RM3_sfun_registry.obj
 0001:00001b10       sf_machine_global_method_dispatcher 0000000180002b10 f   RM3_sfun_registry.obj
 0001:00001bb0       sf_machine_global_terminator 0000000180002bb0 f   RM3_sfun_registry.obj
 0001:00001c00       sf_register_machine_exported_symbols 0000000180002c00 f   RM3_sfun_registry.obj
 0001:00001c30       callCustomFcn              0000000180002c30 f   RM3_sfun_registry.obj
 0001:00001c40       sf_machine_global_initializer 0000000180002c40 f   RM3_sfun_registry.obj
 0001:00001cd0       mdlGetSimState             0000000180002cd0 f   RM3_sfun_registry.obj
 0001:00001d50       mdlSetSimState             0000000180002d50 f   RM3_sfun_registry.obj
 0001:00001d90       _ssSetStateAbsTol          0000000180002d90 f   RM3_sfun_registry.obj
 0001:00001e70       _ssGetAbsTol               0000000180002e70 f   RM3_sfun_registry.obj
 0001:00001ee0       _ssSetInputPortMatrixDimensions 0000000180002ee0 f   RM3_sfun_registry.obj
 0001:00001ff0       _ssSetOutputPortMatrixDimensions 0000000180002ff0 f   RM3_sfun_registry.obj
 0001:00002100       _ssSetInputPortVectorDimension 0000000180003100 f   RM3_sfun_registry.obj
 0001:000021d0       _ssSetOutputPortVectorDimension 00000001800031d0 f   RM3_sfun_registry.obj
 0001:000022a0       ssIsRunTimeParamTunable    00000001800032a0 f   RM3_sfun_registry.obj
 0001:00002310       ssGetSFuncBlockHandle      0000000180003310 f   RM3_sfun_registry.obj
 0001:00002380       _ssGetCurrentInputPortWidth 0000000180003380 f   RM3_sfun_registry.obj
 0001:000024a0       _ssGetCurrentOutputPortWidth 00000001800034a0 f   RM3_sfun_registry.obj
 0001:000025c0       _ssGetCallSystemNumFcnCallDestinations 00000001800035c0 f   RM3_sfun_registry.obj
 0001:00002630       ssWarning                  0000000180003630 f   RM3_sfun_registry.obj
 0001:00002740       ssGetIsZeroCrossControlDisabled 0000000180003740 f   RM3_sfun_registry.obj
 0001:000027b0       ssSetIsInputPortUsedForContZcSignal 00000001800037b0 f   RM3_sfun_registry.obj
 0001:00002820       ssSetZcSignalIsZcElementDisc 0000000180003820 f   RM3_sfun_registry.obj
 0001:000028d0       ssSetZcSignalName          00000001800038d0 f   RM3_sfun_registry.obj
 0001:00002940       ssSetZcSignalWidth         0000000180003940 f   RM3_sfun_registry.obj
 0001:000029b0       ssSetZcSignalZcEventType   00000001800039b0 f   RM3_sfun_registry.obj
 0001:00002a20       ssSetZcSignalType          0000000180003a20 f   RM3_sfun_registry.obj
 0001:00002a90       ssSetZcSignalZcTol         0000000180003a90 f   RM3_sfun_registry.obj
 0001:00002b00       ssSetZcSignalNeedsEventNotification 0000000180003b00 f   RM3_sfun_registry.obj
 0001:00002b70       ssCreateAndAddZcSignalInfo 0000000180003b70 f   RM3_sfun_registry.obj
 0001:00002be0       ssCloneAndAddZcSignalInfo  0000000180003be0 f   RM3_sfun_registry.obj
 0001:00002c50       ssGetNumZcSignals          0000000180003c50 f   RM3_sfun_registry.obj
 0001:00002cc0       ssGetZcSignalVector        0000000180003cc0 f   RM3_sfun_registry.obj
 0001:00002d30       ssGetZcSignalZcEvents      0000000180003d30 f   RM3_sfun_registry.obj
 0001:00002da0       ssGetZcSignalName          0000000180003da0 f   RM3_sfun_registry.obj
 0001:00002e10       ssGetZcSignalWidth         0000000180003e10 f   RM3_sfun_registry.obj
 0001:00002e80       ssGetZcSignalZcEventType   0000000180003e80 f   RM3_sfun_registry.obj
 0001:00002ef0       ssGetZcSignalType          0000000180003ef0 f   RM3_sfun_registry.obj
 0001:00002f60       ssGetZcSignalZcTol         0000000180003f60 f   RM3_sfun_registry.obj
 0001:00002fe0       ssGetZcSignalNeedsEventNotification 0000000180003fe0 f   RM3_sfun_registry.obj
 0001:00003050       ssGetZcSignalIsZcElementDisc 0000000180004050 f   RM3_sfun_registry.obj
 0001:000030f0       ssGetIsInputPortElementContinuous 00000001800040f0 f   RM3_sfun_registry.obj
 0001:00003190       _ssGetInputPortSignalPtrsFcn 0000000180004190 f   RM3_sfun_registry.obj
 0001:00003450       _ssGetInputPortSignalFcn   0000000180004450 f   RM3_sfun_registry.obj
 0001:00003670       _ssSetInputPortDirectFeedThroughFcn 0000000180004670 f   RM3_sfun_registry.obj
 0001:000037d0       _ssSetInputPortReusableFcn 00000001800047d0 f   RM3_sfun_registry.obj
 0001:000038c0       _ssSetOutputPortReusableFcn 00000001800048c0 f   RM3_sfun_registry.obj
 0001:000039a0       ssGetDTypeIdFromMxArray    00000001800049a0 f   RM3_sfun_registry.obj
 0001:00003ac0       ssWriteRTWStr              0000000180004ac0 f   RM3_sfun_registry.obj
 0001:00003b20       ssWriteRTWMxVectParam      0000000180004b20 f   RM3_sfun_registry.obj
 0001:00003b80       ssWriteRTWMx2dMatParam     0000000180004b80 f   RM3_sfun_registry.obj
 0001:00003c00       ssWriteRTWNameValuePair    0000000180004c00 f   RM3_sfun_registry.obj
 0001:000040f0       ssWriteRTWParameters       00000001800050f0 f   RM3_sfun_registry.obj
 0001:000046f0       ssWriteRTWParamSettings    00000001800056f0 f   RM3_sfun_registry.obj
 0001:00004dc0       ssWriteRTWWorkVect         0000000180005dc0 f   RM3_sfun_registry.obj
 0001:000052c0       mexFunction                00000001800062c0 f   RM3_sfun_registry.obj
 0001:000077e0       ProcessMexSfunctionEveryCall 00000001800087e0 f   RM3_sfun_registry.obj
 0001:00007962       sf_debug_set_machine_data_thresholds 0000000180008962 f   sf_runtime:sf_runtime.dll
 0001:00007968       sf_debug_set_machine_event_thresholds 0000000180008968 f   sf_runtime:sf_runtime.dll
 0001:0000796e       sf_debug_initialize_machine 000000018000896e f   sf_runtime:sf_runtime.dll
 0001:00007974       sf_load_rtw_optimization_info 0000000180008974 f   sf_runtime:sf_runtime.dll
 0001:0000797a       sf_debug_terminate         000000018000897a f   sf_runtime:sf_runtime.dll
 0001:00007980       sf_debug_create_debug_instance_struct 0000000180008980 f   sf_runtime:sf_runtime.dll
 0001:00007986       sim_mode_is_rtw_gen        0000000180008986 f   sf_runtime:sf_runtime.dll
 0001:0000798c       sf_debug_api               000000018000898c f   sf_runtime:sf_runtime.dll
 0001:00007992       callMdlMethodAndReportError 0000000180008992 f   sf_runtime:sf_runtime.dll
 0001:00007998       call_sf_machine_global_method_dispatcher 0000000180008998 f   sf_runtime:sf_runtime.dll
 0001:0000799e       sf_clear_error_manager_info 000000018000899e f   sf_runtime:sf_runtime.dll
 0001:000079a4       sf_mex_error_direct_call   00000001800089a4 f   sf_runtime:sf_runtime.dll
 0001:000079aa       mxCreateLogicalScalar      00000001800089aa f   libmx:libmx.dll
 0001:000079b0       mxGetScalar                00000001800089b0 f   libmx:libmx.dll
 0001:000079b6       mxGetPr                    00000001800089b6 f   libmx:libmx.dll
 0001:000079bc       mxCreateDoubleMatrix_730   00000001800089bc f   libmx:libmx.dll
 0001:000079c2       mxGetString_730            00000001800089c2 f   libmx:libmx.dll
 0001:000079c8       mxIsChar                   00000001800089c8 f   libmx:libmx.dll
 0001:000079ce       mxDestroyArray             00000001800089ce f   libmx:libmx.dll
 0001:000079d4       mxCreateString             00000001800089d4 f   libmx:libmx.dll
 0001:000079da       mxGetClassID               00000001800089da f   libmx:libmx.dll
 0001:000079e0       mxIsNumeric                00000001800089e0 f   libmx:libmx.dll
 0001:000079e6       mxIsComplex                00000001800089e6 f   libmx:libmx.dll
 0001:000079ec       mxGetN                     00000001800089ec f   libmx:libmx.dll
 0001:000079f2       mxGetM                     00000001800089f2 f   libmx:libmx.dll
 0001:000079f8       mxCalloc                   00000001800089f8 f   libmx:libmx.dll
 0001:000079fe       mexMakeArrayPersistent     00000001800089fe f   libmex:libmex.dll
 0001:00007a04       mexUnlock                  0000000180008a04 f   libmex:libmex.dll
 0001:00007a0a       mexIsLocked                0000000180008a0a f   libmex:libmex.dll
 0001:00007a10       mexWarnMsgTxt              0000000180008a10 f   libmex:libmex.dll
 0001:00007a16       mexCallMATLABWithObject    0000000180008a16 f   libmex:libmex.dll
 0001:00007a1c       mexErrMsgTxt               0000000180008a1c f   libmex:libmex.dll
 0001:00007a22       mexLock                    0000000180008a22 f   libmex:libmex.dll
 0001:00007a30       WECSim_Lib_initializer     0000000180008a30 f   WECSim_Lib_sfun:WECSim_Lib_sfun.obj
 0001:00007a40       WECSim_Lib_terminator      0000000180008a40 f   WECSim_Lib_sfun:WECSim_Lib_sfun.obj
 0001:00007a50       sf_WECSim_Lib_method_dispatcher 0000000180008a50 f   WECSim_Lib_sfun:WECSim_Lib_sfun.obj
 0001:00007ac0       sf_WECSim_Lib_uses_exported_functions 0000000180008ac0 f   WECSim_Lib_sfun:WECSim_Lib_sfun.obj
 0001:00007b00       sf_WECSim_Lib_process_check_sum_call 0000000180008b00 f   WECSim_Lib_sfun:WECSim_Lib_sfun.obj
 0001:00007de0       sf_WECSim_Lib_autoinheritance_info 0000000180008de0 f   WECSim_Lib_sfun:WECSim_Lib_sfun.obj
 0001:00007fa0       sf_WECSim_Lib_get_eml_resolved_functions_info 0000000180008fa0 f   WECSim_Lib_sfun:WECSim_Lib_sfun.obj
 0001:00008110       sf_WECSim_Lib_third_party_uses_info 0000000180009110 f   WECSim_Lib_sfun:WECSim_Lib_sfun.obj
 0001:00008290       sf_WECSim_Lib_jit_fallback_info 0000000180009290 f   WECSim_Lib_sfun:WECSim_Lib_sfun.obj
 0001:00008410       sf_WECSim_Lib_updateBuildInfo_args_info 0000000180009410 f   WECSim_Lib_sfun:WECSim_Lib_sfun.obj
 0001:00008590       sf_WECSim_Lib_get_post_codegen_info 0000000180009590 f   WECSim_Lib_sfun:WECSim_Lib_sfun.obj
 0001:00008690       WECSim_Lib_debug_initialize 0000000180009690 f   WECSim_Lib_sfun:WECSim_Lib_sfun.obj
 0001:00008720       WECSim_Lib_register_exported_symbols 0000000180009720 f   WECSim_Lib_sfun:WECSim_Lib_sfun.obj
 0001:00008730       load_WECSim_Lib_optimization_info 0000000180009730 f   WECSim_Lib_sfun:WECSim_Lib_sfun.obj
 0001:00008780       unload_WECSim_Lib_optimization_info 0000000180009780 f   WECSim_Lib_sfun:WECSim_Lib_sfun.obj
 0001:000087b0       sf_c8_WECSim_Lib_get_eml_resolved_functions_info 00000001800097b0 f   WECSim_Lib_sfun:c8_WECSim_Lib.obj
 0001:0000b9c0       sf_c8_WECSim_Lib_get_check_sum 000000018000c9c0 f   WECSim_Lib_sfun:c8_WECSim_Lib.obj
 0001:0000ba40       sf_c8_WECSim_Lib_get_autoinheritance_info 000000018000ca40 f   WECSim_Lib_sfun:c8_WECSim_Lib.obj
 0001:0000bea0       sf_c8_WECSim_Lib_third_party_uses_info 000000018000cea0 f   WECSim_Lib_sfun:c8_WECSim_Lib.obj
 0001:0000bed0       sf_c8_WECSim_Lib_jit_fallback_info 000000018000ced0 f   WECSim_Lib_sfun:c8_WECSim_Lib.obj
 0001:0000bfa0       sf_c8_WECSim_Lib_updateBuildInfo_args_info 000000018000cfa0 f   WECSim_Lib_sfun:c8_WECSim_Lib.obj
 0001:0000bfd0       sf_c8_WECSim_Lib_get_post_codegen_info 000000018000cfd0 f   WECSim_Lib_sfun:c8_WECSim_Lib.obj
 0001:0000c0a0       c8_WECSim_Lib_method_dispatcher 000000018000d0a0 f   WECSim_Lib_sfun:c8_WECSim_Lib.obj
 0001:0000eca0       sf_c3_WECSim_Lib_get_eml_resolved_functions_info 000000018000fca0 f   WECSim_Lib_sfun:c3_WECSim_Lib.obj
 0001:00016aa0       sf_c3_WECSim_Lib_get_check_sum 0000000180017aa0 f   WECSim_Lib_sfun:c3_WECSim_Lib.obj
 0001:00016b20       sf_c3_WECSim_Lib_get_autoinheritance_info 0000000180017b20 f   WECSim_Lib_sfun:c3_WECSim_Lib.obj
 0001:000174b0       sf_c3_WECSim_Lib_third_party_uses_info 00000001800184b0 f   WECSim_Lib_sfun:c3_WECSim_Lib.obj
 0001:000174e0       sf_c3_WECSim_Lib_jit_fallback_info 00000001800184e0 f   WECSim_Lib_sfun:c3_WECSim_Lib.obj
 0001:000175b0       sf_c3_WECSim_Lib_updateBuildInfo_args_info 00000001800185b0 f   WECSim_Lib_sfun:c3_WECSim_Lib.obj
 0001:000175e0       sf_c3_WECSim_Lib_get_post_codegen_info 00000001800185e0 f   WECSim_Lib_sfun:c3_WECSim_Lib.obj
 0001:000176b0       c3_WECSim_Lib_method_dispatcher 00000001800186b0 f   WECSim_Lib_sfun:c3_WECSim_Lib.obj
 0001:0001e3ac       __GSHandlerCheckCommon     000000018001f3ac f   MSVCRT:gshandler.obj
 0001:0001e410       __GSHandlerCheck           000000018001f410 f   MSVCRT:gshandler.obj
 0001:0001e42e       strcmp                     000000018001f42e f   MSVCRT:MSVCR100.dll
 0001:0001e450       __security_check_cookie    000000018001f450 f   MSVCRT:amdsecgs.obj
 0001:0001e470       free                       000000018001f470 f   MSVCRT:MSVCR100.dll
 0001:0001e476       sprintf                    000000018001f476 f   MSVCRT:MSVCR100.dll
 0001:0001e47c       malloc                     000000018001f47c f   MSVCRT:MSVCR100.dll
 0001:0001e482       strlen                     000000018001f482 f   MSVCRT:MSVCR100.dll
 0001:0001e488       strcat                     000000018001f488 f   MSVCRT:MSVCR100.dll
 0001:0001e48e       memcpy                     000000018001f48e f   MSVCRT:MSVCR100.dll
 0001:0001e494       NtCurrentTeb               000000018001f494 f i MSVCRT:crtdll.obj
 0001:0001e500       _CRT_INIT                  000000018001f500 f   MSVCRT:crtdll.obj
 0001:0001e898       _DllMainCRTStartup         000000018001f898 f   MSVCRT:crtdll.obj
 0001:0001e8d6       memset                     000000018001f8d6 f   MSVCRT:MSVCR100.dll
 0001:0001e8f0       __chkstk                   000000018001f8f0 f   MSVCRT:chkstk.obj
 0001:0001e8f0       _alloca_probe              000000018001f8f0     MSVCRT:chkstk.obj
 0001:0001e940       __report_gsfailure         000000018001f940 f   MSVCRT:gs_report.obj
 0001:0001ea8c       __clean_type_info_names    000000018001fa8c f   MSVCRT:tncleanup.obj
 0001:0001ea98       _onexit                    000000018001fa98 f   MSVCRT:atonexit.obj
 0001:0001eb48       atexit                     000000018001fb48 f   MSVCRT:atonexit.obj
 0001:0001eb60       _RTC_Initialize            000000018001fb60 f   MSVCRT:_initsect_.obj
 0001:0001eb98       _RTC_Terminate             000000018001fb98 f   MSVCRT:_initsect_.obj
 0001:0001ebd0       _malloc_crt                000000018001fbd0 f   MSVCRT:MSVCR100.dll
 0001:0001ebe0       _ValidateImageBase         000000018001fbe0 f   MSVCRT:pesect.obj
 0001:0001ec10       _FindPESection             000000018001fc10 f   MSVCRT:pesect.obj
 0001:0001ec60       _IsNonwritableInCurrentImage 000000018001fc60 f   MSVCRT:pesect.obj
 0001:0001eca2       _initterm                  000000018001fca2 f   MSVCRT:MSVCR100.dll
 0001:0001eca8       _initterm_e                000000018001fca8 f   MSVCRT:MSVCR100.dll
 0001:0001ecae       _encoded_null              000000018001fcae f   MSVCRT:MSVCR100.dll
 0001:0001ecb4       _amsg_exit                 000000018001fcb4 f   MSVCRT:MSVCR100.dll
 0001:0001ecba       __C_specific_handler       000000018001fcba f   MSVCRT:MSVCR100.dll
 0001:0001ecc0       __CppXcptFilter            000000018001fcc0 f   MSVCRT:MSVCR100.dll
 0001:0001ecc8       DllMain                    000000018001fcc8 f   MSVCRT:dllmain.obj
 0001:0001ecec       __security_init_cookie     000000018001fcec f   MSVCRT:gs_support.obj
 0001:0001eda0       __crt_debugger_hook        000000018001fda0 f   MSVCRT:MSVCR100.dll
 0001:0001eda6       __clean_type_info_names_internal 000000018001fda6 f   MSVCRT:MSVCR100.dll
 0001:0001edac       _unlock                    000000018001fdac f   MSVCRT:MSVCR100.dll
 0001:0001edb2       __dllonexit                000000018001fdb2 f   MSVCRT:MSVCR100.dll
 0001:0001edb8       _lock                      000000018001fdb8 f   MSVCRT:MSVCR100.dll
 0001:0001edbe       EncodePointer              000000018001fdbe f   kernel32:KERNEL32.dll
 0001:0001edc4       DecodePointer              000000018001fdc4 f   kernel32:KERNEL32.dll
 0001:0001edca       Sleep                      000000018001fdca f   kernel32:KERNEL32.dll
 0001:0001edd0       TerminateProcess           000000018001fdd0 f   kernel32:KERNEL32.dll
 0001:0001edd6       GetCurrentProcess          000000018001fdd6 f   kernel32:KERNEL32.dll
 0001:0001eddc       UnhandledExceptionFilter   000000018001fddc f   kernel32:KERNEL32.dll
 0001:0001ede2       SetUnhandledExceptionFilter 000000018001fde2 f   kernel32:KERNEL32.dll
 0001:0001ede8       IsDebuggerPresent          000000018001fde8 f   kernel32:KERNEL32.dll
 0001:0001edee       RtlVirtualUnwind           000000018001fdee f   kernel32:KERNEL32.dll
 0001:0001edf4       RtlLookupFunctionEntry     000000018001fdf4 f   kernel32:KERNEL32.dll
 0001:0001edfa       RtlCaptureContext          000000018001fdfa f   kernel32:KERNEL32.dll
 0001:0001ee00       DisableThreadLibraryCalls  000000018001fe00 f   kernel32:KERNEL32.dll
 0001:0001ee06       QueryPerformanceCounter    000000018001fe06 f   kernel32:KERNEL32.dll
 0001:0001ee0c       GetTickCount               000000018001fe0c f   kernel32:KERNEL32.dll
 0001:0001ee12       GetCurrentThreadId         000000018001fe12 f   kernel32:KERNEL32.dll
 0001:0001ee18       GetCurrentProcessId        000000018001fe18 f   kernel32:KERNEL32.dll
 0001:0001ee1e       GetSystemTimeAsFileTime    000000018001fe1e f   kernel32:KERNEL32.dll
 0001:0001ee24       sf_mex_emlrtNameCapturePostProcessR2012a 000000018001fe24 f   sf_runtime:sf_runtime.dll
 0001:0001ee2a       sf_mex_assign              000000018001fe2a f   sf_runtime:sf_runtime.dll
 0001:0001ee30       sf_mex_createstruct        000000018001fe30 f   sf_runtime:sf_runtime.dll
 0001:0001ee36       sf_mex_destroy             000000018001fe36 f   sf_runtime:sf_runtime.dll
 0001:0001ee3c       sf_mex_duplicatearraysafe  000000018001fe3c f   sf_runtime:sf_runtime.dll
 0001:0001ee42       sf_mex_createcellmatrix    000000018001fe42 f   sf_runtime:sf_runtime.dll
 0001:0001ee48       sf_mex_addfield            000000018001fe48 f   sf_runtime:sf_runtime.dll
 0001:0001ee4e       sf_mex_create              000000018001fe4e f   sf_runtime:sf_runtime.dll
 0001:0001ee54       sf_mex_error_message       000000018001fe54 f   sf_runtime:sf_runtime.dll
 0001:0001ee5a       sf_set_rtw_dwork_info      000000018001fe5a f   sf_runtime:sf_runtime.dll
 0001:0001ee60       sf_mark_chart_reusable_outputs 000000018001fe60 f   sf_runtime:sf_runtime.dll
 0001:0001ee66       sf_mark_chart_expressionable_inputs 000000018001fe66 f   sf_runtime:sf_runtime.dll
 0001:0001ee6c       sf_update_buildInfo        000000018001fe6c f   sf_runtime:sf_runtime.dll
 0001:0001ee72       sf_rtw_info_uint_prop      000000018001fe72 f   sf_runtime:sf_runtime.dll
 0001:0001ee78       sf_is_chart_inlinable      000000018001fe78 f   sf_runtime:sf_runtime.dll
 0001:0001ee7e       sim_mode_is_external       000000018001fe7e f   sf_runtime:sf_runtime.dll
 0001:0001ee84       ssGetOutputPortSignal_wrapper 000000018001fe84 f   sf_runtime:sf_runtime.dll
 0001:0001ee8a       ssGetInputPortSignal_wrapper 000000018001fe8a f   sf_runtime:sf_runtime.dll
 0001:0001ee90       sf_mex_decode_encoded_mx_struct_array 000000018001fe90 f   sf_runtime:sf_runtime.dll
 0001:0001ee96       sf_debug_reset_current_state_configuration 000000018001fe96 f   sf_runtime:sf_runtime.dll
 0001:0001ee9c       sf_debug_set_instance_data_value_ptr 000000018001fe9c f   sf_runtime:sf_runtime.dll
 0001:0001eea2       sf_debug_set_chart_data_compiled_props 000000018001fea2 f   sf_runtime:sf_runtime.dll
 0001:0001eea8       cv_eml_init_fcn            000000018001fea8 f   sf_runtime:sf_runtime.dll
 0001:0001eeae       cv_eml_init_script         000000018001feae f   sf_runtime:sf_runtime.dll
 0001:0001eeb4       sf_debug_cv_init_trans     000000018001feb4 f   sf_runtime:sf_runtime.dll
 0001:0001eeba       sf_debug_cv_init_state     000000018001feba f   sf_runtime:sf_runtime.dll
 0001:0001eec0       sf_debug_cv_init_chart     000000018001fec0 f   sf_runtime:sf_runtime.dll
 0001:0001eec6       sf_debug_set_chart_decomposition 000000018001fec6 f   sf_runtime:sf_runtime.dll
 0001:0001eecc       sf_debug_set_chart_substate_count 000000018001fecc f   sf_runtime:sf_runtime.dll
 0001:0001eed2       sf_debug_set_chart_state_info 000000018001fed2 f   sf_runtime:sf_runtime.dll
 0001:0001eed8       sf_debug_set_chart_data_props 000000018001fed8 f   sf_runtime:sf_runtime.dll
 0001:0001eede       sf_debug_set_chart_event_thresholds 000000018001fede f   sf_runtime:sf_runtime.dll
 0001:0001eee4       sf_debug_set_chart_disable_implicit_casting 000000018001fee4 f   sf_runtime:sf_runtime.dll
 0001:0001eeea       sf_debug_initialize_chart  000000018001feea f   sf_runtime:sf_runtime.dll
 0001:0001eef0       sf_mex_dup                 000000018001fef0 f   sf_runtime:sf_runtime.dll
 0001:0001eef6       sf_mex_import              000000018001fef6 f   sf_runtime:sf_runtime.dll
 0001:0001eefc       sf_get_time                000000018001fefc f   sf_runtime:sf_runtime.dll
 0001:0001ef02       sf_debug_check_for_state_inconsistency 000000018001ff02 f   sf_runtime:sf_runtime.dll
 0001:0001ef08       sf_debug_symbol_scope_pop  000000018001ff08 f   sf_runtime:sf_runtime.dll
 0001:0001ef0e       eml_debug_line_call        000000018001ff0e f   sf_runtime:sf_runtime.dll
 0001:0001ef14       cv_eml_eval                000000018001ff14 f   sf_runtime:sf_runtime.dll
 0001:0001ef1a       sf_debug_symbol_scope_add_eml 000000018001ff1a f   sf_runtime:sf_runtime.dll
 0001:0001ef20       sf_debug_symbol_scope_add_eml_importable 000000018001ff20 f   sf_runtime:sf_runtime.dll
 0001:0001ef26       sf_debug_symbol_scope_push_eml 000000018001ff26 f   sf_runtime:sf_runtime.dll
 0001:0001ef2c       sf_debug_data_range_wrapper 000000018001ff2c f   sf_runtime:sf_runtime.dll
 0001:0001ef32       sf_debug_call              000000018001ff32 f   sf_runtime:sf_runtime.dll
 0001:0001ef38       sf_debug_symbol_scope_push 000000018001ff38 f   sf_runtime:sf_runtime.dll
 0001:0001ef3e       sf_mex_call_debug          000000018001ff3e f   sf_runtime:sf_runtime.dll
 0001:0001ef44       sf_mex_setcell             000000018001ff44 f   sf_runtime:sf_runtime.dll
 0001:0001ef4a       sf_mex_getcell             000000018001ff4a f   sf_runtime:sf_runtime.dll
 0001:0001ef50       sf_clear_rtw_identifier    000000018001ff50 f   sf_runtime:sf_runtime.dll
 0001:0001ef56       cv_eml_init_relational     000000018001ff56 f   sf_runtime:sf_runtime.dll
 0001:0001ef5c       cv_eml_init_for            000000018001ff5c f   sf_runtime:sf_runtime.dll
 0001:0001ef62       cv_eml_init_if             000000018001ff62 f   sf_runtime:sf_runtime.dll
 0001:0001ef68       sf_mex_listen_for_ctrl_c   000000018001ff68 f   sf_runtime:sf_runtime.dll
 0001:0001ef6e       sf_debug_eml_data_array_bounds_error_check 000000018001ff6e f   sf_runtime:sf_runtime.dll
 0001:0001ef74       sf_debug_integer_check     000000018001ff74 f   sf_runtime:sf_runtime.dll
 0001:0001ef7a       cv_eval_relational         000000018001ff7a f   sf_runtime:sf_runtime.dll
 0001:0001ef80       mxDuplicateArray           000000018001ff80 f   libmx:libmx.dll
 0001:0001ef86       mxCreateDoubleScalar       000000018001ff86 f   libmx:libmx.dll
 0001:0001ef8c       mxSetField_730             000000018001ff8c f   libmx:libmx.dll
 0001:0001ef92       mxCreateStructMatrix_730   000000018001ff92 f   libmx:libmx.dll
 0001:0001ef98       mxCreateCellMatrix_730     000000018001ff98 f   libmx:libmx.dll
 0001:0001ef9e       mxCreateCellArray_730      000000018001ff9e f   libmx:libmx.dll
 0001:0001efa4       mxCreateStructArray_730    000000018001ffa4 f   libmx:libmx.dll
 0001:0001efaa       mxIsEmpty                  000000018001ffaa f   libmx:libmx.dll
 0001:0001efb0       utMalloc                   000000018001ffb0 f   libut:libut.dll
 0001:0001efb6       utFree                     000000018001ffb6 f   libut:libut.dll
 0001:0001efbc       muDoubleScalarAsin         000000018001ffbc f   libmwmathutil:libmwmathutil.dll
 0001:0001efc2       muDoubleScalarAtan2        000000018001ffc2 f   libmwmathutil:libmwmathutil.dll
 0001:0001efc8       muDoubleScalarAbs          000000018001ffc8 f   libmwmathutil:libmwmathutil.dll
 0001:0001efce       muDoubleScalarFloor        000000018001ffce f   libmwmathutil:libmwmathutil.dll
 0002:00000000       __imp_DecodePointer        0000000180021000     kernel32:KERNEL32.dll
 0002:00000008       __imp_Sleep                0000000180021008     kernel32:KERNEL32.dll
 0002:00000010       __imp_TerminateProcess     0000000180021010     kernel32:KERNEL32.dll
 0002:00000018       __imp_GetCurrentProcess    0000000180021018     kernel32:KERNEL32.dll
 0002:00000020       __imp_UnhandledExceptionFilter 0000000180021020     kernel32:KERNEL32.dll
 0002:00000028       __imp_GetSystemTimeAsFileTime 0000000180021028     kernel32:KERNEL32.dll
 0002:00000030       __imp_GetCurrentProcessId  0000000180021030     kernel32:KERNEL32.dll
 0002:00000038       __imp_GetCurrentThreadId   0000000180021038     kernel32:KERNEL32.dll
 0002:00000040       __imp_GetTickCount         0000000180021040     kernel32:KERNEL32.dll
 0002:00000048       __imp_QueryPerformanceCounter 0000000180021048     kernel32:KERNEL32.dll
 0002:00000050       __imp_DisableThreadLibraryCalls 0000000180021050     kernel32:KERNEL32.dll
 0002:00000058       __imp_RtlCaptureContext    0000000180021058     kernel32:KERNEL32.dll
 0002:00000060       __imp_RtlLookupFunctionEntry 0000000180021060     kernel32:KERNEL32.dll
 0002:00000068       __imp_RtlVirtualUnwind     0000000180021068     kernel32:KERNEL32.dll
 0002:00000070       __imp_IsDebuggerPresent    0000000180021070     kernel32:KERNEL32.dll
 0002:00000078       __imp_SetUnhandledExceptionFilter 0000000180021078     kernel32:KERNEL32.dll
 0002:00000080       __imp_EncodePointer        0000000180021080     kernel32:KERNEL32.dll
 0002:00000088       \177KERNEL32_NULL_THUNK_DATA 0000000180021088     kernel32:KERNEL32.dll
 0002:00000090       __imp___C_specific_handler 0000000180021090     MSVCRT:MSVCR100.dll
 0002:00000098       __imp___CppXcptFilter      0000000180021098     MSVCRT:MSVCR100.dll
 0002:000000a0       __imp__amsg_exit           00000001800210a0     MSVCRT:MSVCR100.dll
 0002:000000a8       __imp__encoded_null        00000001800210a8     MSVCRT:MSVCR100.dll
 0002:000000b0       __imp__onexit              00000001800210b0     MSVCRT:MSVCR100.dll
 0002:000000b8       __imp__lock                00000001800210b8     MSVCRT:MSVCR100.dll
 0002:000000c0       __imp___dllonexit          00000001800210c0     MSVCRT:MSVCR100.dll
 0002:000000c8       __imp__unlock              00000001800210c8     MSVCRT:MSVCR100.dll
 0002:000000d0       __imp___clean_type_info_names_internal 00000001800210d0     MSVCRT:MSVCR100.dll
 0002:000000d8       __imp__initterm_e          00000001800210d8     MSVCRT:MSVCR100.dll
 0002:000000e0       __imp__initterm            00000001800210e0     MSVCRT:MSVCR100.dll
 0002:000000e8       __imp__malloc_crt          00000001800210e8     MSVCRT:MSVCR100.dll
 0002:000000f0       __imp_memset               00000001800210f0     MSVCRT:MSVCR100.dll
 0002:000000f8       __imp_memcpy               00000001800210f8     MSVCRT:MSVCR100.dll
 0002:00000100       __imp_strcat               0000000180021100     MSVCRT:MSVCR100.dll
 0002:00000108       __imp_strlen               0000000180021108     MSVCRT:MSVCR100.dll
 0002:00000110       __imp_malloc               0000000180021110     MSVCRT:MSVCR100.dll
 0002:00000118       __imp_strcmp               0000000180021118     MSVCRT:MSVCR100.dll
 0002:00000120       __imp_free                 0000000180021120     MSVCRT:MSVCR100.dll
 0002:00000128       __imp_sprintf              0000000180021128     MSVCRT:MSVCR100.dll
 0002:00000130       __imp___crt_debugger_hook  0000000180021130     MSVCRT:MSVCR100.dll
 0002:00000138       \177MSVCR100_NULL_THUNK_DATA 0000000180021138     MSVCRT:MSVCR100.dll
 0002:00000140       __imp_mexLock              0000000180021140     libmex:libmex.dll
 0002:00000148       __imp_mexErrMsgTxt         0000000180021148     libmex:libmex.dll
 0002:00000150       __imp_mexCallMATLABWithObject 0000000180021150     libmex:libmex.dll
 0002:00000158       __imp_mexWarnMsgTxt        0000000180021158     libmex:libmex.dll
 0002:00000160       __imp_mexIsLocked          0000000180021160     libmex:libmex.dll
 0002:00000168       __imp_mexUnlock            0000000180021168     libmex:libmex.dll
 0002:00000170       __imp_mexMakeArrayPersistent 0000000180021170     libmex:libmex.dll
 0002:00000178       \177libmex_NULL_THUNK_DATA 0000000180021178     libmex:libmex.dll
 0002:00000180       __imp_muDoubleScalarAtan2  0000000180021180     libmwmathutil:libmwmathutil.dll
 0002:00000188       __imp_muDoubleScalarAbs    0000000180021188     libmwmathutil:libmwmathutil.dll
 0002:00000190       __imp_muDoubleScalarFloor  0000000180021190     libmwmathutil:libmwmathutil.dll
 0002:00000198       __imp_muDoubleScalarAsin   0000000180021198     libmwmathutil:libmwmathutil.dll
 0002:000001a0       \177libmwmathutil_NULL_THUNK_DATA 00000001800211a0     libmwmathutil:libmwmathutil.dll
 0002:000001a8       __imp_mxCalloc             00000001800211a8     libmx:libmx.dll
 0002:000001b0       __imp_mxGetM               00000001800211b0     libmx:libmx.dll
 0002:000001b8       __imp_mxGetN               00000001800211b8     libmx:libmx.dll
 0002:000001c0       __imp_mxIsComplex          00000001800211c0     libmx:libmx.dll
 0002:000001c8       __imp_mxIsNumeric          00000001800211c8     libmx:libmx.dll
 0002:000001d0       __imp_mxGetClassID         00000001800211d0     libmx:libmx.dll
 0002:000001d8       __imp_mxCreateString       00000001800211d8     libmx:libmx.dll
 0002:000001e0       __imp_mxDestroyArray       00000001800211e0     libmx:libmx.dll
 0002:000001e8       __imp_mxIsChar             00000001800211e8     libmx:libmx.dll
 0002:000001f0       __imp_mxGetString_730      00000001800211f0     libmx:libmx.dll
 0002:000001f8       __imp_mxCreateDoubleMatrix_730 00000001800211f8     libmx:libmx.dll
 0002:00000200       __imp_mxGetPr              0000000180021200     libmx:libmx.dll
 0002:00000208       __imp_mxGetScalar          0000000180021208     libmx:libmx.dll
 0002:00000210       __imp_mxCreateLogicalScalar 0000000180021210     libmx:libmx.dll
 0002:00000218       __imp_mxCreateDoubleScalar 0000000180021218     libmx:libmx.dll
 0002:00000220       __imp_mxSetField_730       0000000180021220     libmx:libmx.dll
 0002:00000228       __imp_mxIsEmpty            0000000180021228     libmx:libmx.dll
 0002:00000230       __imp_mxCreateStructArray_730 0000000180021230     libmx:libmx.dll
 0002:00000238       __imp_mxCreateCellArray_730 0000000180021238     libmx:libmx.dll
 0002:00000240       __imp_mxCreateCellMatrix_730 0000000180021240     libmx:libmx.dll
 0002:00000248       __imp_mxCreateStructMatrix_730 0000000180021248     libmx:libmx.dll
 0002:00000250       __imp_mxDuplicateArray     0000000180021250     libmx:libmx.dll
 0002:00000258       \177libmx_NULL_THUNK_DATA  0000000180021258     libmx:libmx.dll
 0002:00000260       __imp_utFree               0000000180021260     libut:libut.dll
 0002:00000268       __imp_utMalloc             0000000180021268     libut:libut.dll
 0002:00000270       \177libut_NULL_THUNK_DATA  0000000180021270     libut:libut.dll
 0002:00000278       __imp_sf_mex_destroy       0000000180021278     sf_runtime:sf_runtime.dll
 0002:00000280       __imp_sf_mex_duplicatearraysafe 0000000180021280     sf_runtime:sf_runtime.dll
 0002:00000288       __imp_sf_mex_createcellmatrix 0000000180021288     sf_runtime:sf_runtime.dll
 0002:00000290       __imp_sf_mex_addfield      0000000180021290     sf_runtime:sf_runtime.dll
 0002:00000298       __imp_sf_mex_create        0000000180021298     sf_runtime:sf_runtime.dll
 0002:000002a0       __imp_sf_mex_error_message 00000001800212a0     sf_runtime:sf_runtime.dll
 0002:000002a8       __imp_sf_set_rtw_dwork_info 00000001800212a8     sf_runtime:sf_runtime.dll
 0002:000002b0       __imp_sf_mark_chart_reusable_outputs 00000001800212b0     sf_runtime:sf_runtime.dll
 0002:000002b8       __imp_sf_mark_chart_expressionable_inputs 00000001800212b8     sf_runtime:sf_runtime.dll
 0002:000002c0       __imp_sf_update_buildInfo  00000001800212c0     sf_runtime:sf_runtime.dll
 0002:000002c8       __imp_sf_rtw_info_uint_prop 00000001800212c8     sf_runtime:sf_runtime.dll
 0002:000002d0       __imp_sf_is_chart_inlinable 00000001800212d0     sf_runtime:sf_runtime.dll
 0002:000002d8       __imp_sim_mode_is_external 00000001800212d8     sf_runtime:sf_runtime.dll
 0002:000002e0       __imp_ssGetOutputPortSignal_wrapper 00000001800212e0     sf_runtime:sf_runtime.dll
 0002:000002e8       __imp_ssGetInputPortSignal_wrapper 00000001800212e8     sf_runtime:sf_runtime.dll
 0002:000002f0       __imp_sf_mex_decode_encoded_mx_struct_array 00000001800212f0     sf_runtime:sf_runtime.dll
 0002:000002f8       __imp_sf_debug_reset_current_state_configuration 00000001800212f8     sf_runtime:sf_runtime.dll
 0002:00000300       __imp_sf_debug_set_instance_data_value_ptr 0000000180021300     sf_runtime:sf_runtime.dll
 0002:00000308       __imp_sf_debug_set_chart_data_compiled_props 0000000180021308     sf_runtime:sf_runtime.dll
 0002:00000310       __imp_cv_eml_init_fcn      0000000180021310     sf_runtime:sf_runtime.dll
 0002:00000318       __imp_sf_mex_createstruct  0000000180021318     sf_runtime:sf_runtime.dll
 0002:00000320       __imp_sf_debug_cv_init_trans 0000000180021320     sf_runtime:sf_runtime.dll
 0002:00000328       __imp_sf_debug_cv_init_state 0000000180021328     sf_runtime:sf_runtime.dll
 0002:00000330       __imp_sf_debug_cv_init_chart 0000000180021330     sf_runtime:sf_runtime.dll
 0002:00000338       __imp_sf_debug_set_chart_decomposition 0000000180021338     sf_runtime:sf_runtime.dll
 0002:00000340       __imp_sf_debug_set_chart_substate_count 0000000180021340     sf_runtime:sf_runtime.dll
 0002:00000348       __imp_sf_debug_set_chart_state_info 0000000180021348     sf_runtime:sf_runtime.dll
 0002:00000350       __imp_sf_debug_set_chart_data_props 0000000180021350     sf_runtime:sf_runtime.dll
 0002:00000358       __imp_sf_debug_set_chart_event_thresholds 0000000180021358     sf_runtime:sf_runtime.dll
 0002:00000360       __imp_sf_debug_set_chart_disable_implicit_casting 0000000180021360     sf_runtime:sf_runtime.dll
 0002:00000368       __imp_sf_debug_initialize_chart 0000000180021368     sf_runtime:sf_runtime.dll
 0002:00000370       __imp_sf_mex_dup           0000000180021370     sf_runtime:sf_runtime.dll
 0002:00000378       __imp_sf_mex_import        0000000180021378     sf_runtime:sf_runtime.dll
 0002:00000380       __imp_sf_get_time          0000000180021380     sf_runtime:sf_runtime.dll
 0002:00000388       __imp_sf_debug_check_for_state_inconsistency 0000000180021388     sf_runtime:sf_runtime.dll
 0002:00000390       __imp_sf_debug_symbol_scope_pop 0000000180021390     sf_runtime:sf_runtime.dll
 0002:00000398       __imp_eml_debug_line_call  0000000180021398     sf_runtime:sf_runtime.dll
 0002:000003a0       __imp_cv_eml_eval          00000001800213a0     sf_runtime:sf_runtime.dll
 0002:000003a8       __imp_sf_debug_symbol_scope_add_eml 00000001800213a8     sf_runtime:sf_runtime.dll
 0002:000003b0       __imp_sf_debug_symbol_scope_add_eml_importable 00000001800213b0     sf_runtime:sf_runtime.dll
 0002:000003b8       __imp_sf_debug_symbol_scope_push_eml 00000001800213b8     sf_runtime:sf_runtime.dll
 0002:000003c0       __imp_sf_debug_data_range_wrapper 00000001800213c0     sf_runtime:sf_runtime.dll
 0002:000003c8       __imp_sf_debug_call        00000001800213c8     sf_runtime:sf_runtime.dll
 0002:000003d0       __imp_sf_debug_symbol_scope_push 00000001800213d0     sf_runtime:sf_runtime.dll
 0002:000003d8       __imp_sf_mex_call_debug    00000001800213d8     sf_runtime:sf_runtime.dll
 0002:000003e0       __imp_sf_mex_setcell       00000001800213e0     sf_runtime:sf_runtime.dll
 0002:000003e8       __imp_sf_mex_getcell       00000001800213e8     sf_runtime:sf_runtime.dll
 0002:000003f0       __imp_sf_clear_rtw_identifier 00000001800213f0     sf_runtime:sf_runtime.dll
 0002:000003f8       __imp_cv_eml_init_relational 00000001800213f8     sf_runtime:sf_runtime.dll
 0002:00000400       __imp_cv_eml_init_for      0000000180021400     sf_runtime:sf_runtime.dll
 0002:00000408       __imp_cv_eml_init_if       0000000180021408     sf_runtime:sf_runtime.dll
 0002:00000410       __imp_sf_mex_listen_for_ctrl_c 0000000180021410     sf_runtime:sf_runtime.dll
 0002:00000418       __imp_sf_debug_eml_data_array_bounds_error_check 0000000180021418     sf_runtime:sf_runtime.dll
 0002:00000420       __imp_sf_debug_integer_check 0000000180021420     sf_runtime:sf_runtime.dll
 0002:00000428       __imp_cv_eval_relational   0000000180021428     sf_runtime:sf_runtime.dll
 0002:00000430       __imp_sf_mex_assign        0000000180021430     sf_runtime:sf_runtime.dll
 0002:00000438       __imp_sf_mex_emlrtNameCapturePostProcessR2012a 0000000180021438     sf_runtime:sf_runtime.dll
 0002:00000440       __imp_sf_debug_create_debug_instance_struct 0000000180021440     sf_runtime:sf_runtime.dll
 0002:00000448       __imp_sim_mode_is_rtw_gen  0000000180021448     sf_runtime:sf_runtime.dll
 0002:00000450       __imp_sf_debug_api         0000000180021450     sf_runtime:sf_runtime.dll
 0002:00000458       __imp_callMdlMethodAndReportError 0000000180021458     sf_runtime:sf_runtime.dll
 0002:00000460       __imp_call_sf_machine_global_method_dispatcher 0000000180021460     sf_runtime:sf_runtime.dll
 0002:00000468       __imp_sf_clear_error_manager_info 0000000180021468     sf_runtime:sf_runtime.dll
 0002:00000470       __imp_sf_mex_error_direct_call 0000000180021470     sf_runtime:sf_runtime.dll
 0002:00000478       __imp_cv_eml_init_script   0000000180021478     sf_runtime:sf_runtime.dll
 0002:00000480       __imp_sf_debug_terminate   0000000180021480     sf_runtime:sf_runtime.dll
 0002:00000488       __imp_sf_load_rtw_optimization_info 0000000180021488     sf_runtime:sf_runtime.dll
 0002:00000490       __imp_sf_debug_initialize_machine 0000000180021490     sf_runtime:sf_runtime.dll
 0002:00000498       __imp_sf_debug_set_machine_event_thresholds 0000000180021498     sf_runtime:sf_runtime.dll
 0002:000004a0       __imp_sf_debug_set_machine_data_thresholds 00000001800214a0     sf_runtime:sf_runtime.dll
 0002:000004a8       \177sf_runtime_NULL_THUNK_DATA 00000001800214a8     sf_runtime:sf_runtime.dll
 0002:000004b0       __xc_a                     00000001800214b0     MSVCRT:cinitexe.obj
 0002:000004b8       __xc_z                     00000001800214b8     MSVCRT:cinitexe.obj
 0002:000004c0       __xi_a                     00000001800214c0     MSVCRT:cinitexe.obj
 0002:000004d0       __xi_z                     00000001800214d0     MSVCRT:cinitexe.obj
 0002:000004e0       __real@41efcd9c2b400000    00000001800214e0     RM3_sfun.obj
 0002:000004e8       __real@41dbedaeb1000000    00000001800214e8     RM3_sfun.obj
 0002:000004f0       __real@41d165d50ec00000    00000001800214f0     RM3_sfun.obj
 0002:000004f8       __real@41ee382b87c00000    00000001800214f8     RM3_sfun.obj
 0002:00000500       __real@41e1914a24400000    0000000180021500     RM3_sfun.obj
 0002:00000508       __real@41ead1319ec00000    0000000180021508     RM3_sfun.obj
 0002:00000510       __real@41ddae3573400000    0000000180021510     RM3_sfun.obj
 0002:00000518       __real@41e6cf0aa2400000    0000000180021518     RM3_sfun.obj
 0002:00000520       __real@41c6ef9d5c800000    0000000180021520     RM3_sfun.obj
 0002:00000528       __real@41d4c47ea4400000    0000000180021528     RM3_sfun.obj
 0002:00000530       __real@41ee943803800000    0000000180021530     RM3_sfun.obj
 0002:00000538       __real@41c3c97da7000000    0000000180021538     RM3_sfun.obj
 0002:00000540       __real@41c15261de000000    0000000180021540     RM3_sfun.obj
 0002:00000548       __real@41cbccc24a000000    0000000180021548     RM3_sfun.obj
 0002:00000550       __real@41e055b54bc00000    0000000180021550     RM3_sfun.obj
 0002:00000558       __real@41c57cc570800000    0000000180021558     RM3_sfun.obj
 0002:00000560       DYNAMIC_DIMENSION_DEF      0000000180021560     RM3_sfun_registry.obj
 0002:00000580       _ssBadLevel2InputAccessMsg 0000000180021580     RM3_sfun_registry.obj
 0002:00000710       _ssBadLevel2DirectFeedMsg  0000000180021710     RM3_sfun_registry.obj
 0002:00000850       _ssBadLevel2DirectFeedSolutionMsg 0000000180021850     RM3_sfun_registry.obj
 0002:000008c0       _ssBadLevel2ZeroDirectFeedMsg 00000001800218c0     RM3_sfun_registry.obj
 0002:00000a00       _ssBadLevel2ZeroDirectFeedMsg2 0000000180021a00     RM3_sfun_registry.obj
 0002:00000ae8       __real@0000000000000000    0000000180021ae8     RM3_sfun_registry.obj
 0002:00000af0       __real@bff0000000000000    0000000180021af0     RM3_sfun_registry.obj
 0002:00000af8       __real@41602cbca0000000    0000000180021af8     RM3_sfun_registry.obj
 0002:00000b00       __real@41e222bec3800000    0000000180021b00     WECSim_Lib_sfun:WECSim_Lib_sfun.obj
 0002:00000b08       __real@41e308db45800000    0000000180021b08     WECSim_Lib_sfun:WECSim_Lib_sfun.obj
 0002:00000b10       __real@41edb53229200000    0000000180021b10     WECSim_Lib_sfun:WECSim_Lib_sfun.obj
 0002:00000b18       __real@41b38761dd000000    0000000180021b18     WECSim_Lib_sfun:WECSim_Lib_sfun.obj
 0002:00000b20       __real@41e23084dee00000    0000000180021b20     WECSim_Lib_sfun:c8_WECSim_Lib.obj
 0002:00000b28       __real@41ee78f2bf800000    0000000180021b28     WECSim_Lib_sfun:c8_WECSim_Lib.obj
 0002:00000b30       __real@41edb03748e00000    0000000180021b30     WECSim_Lib_sfun:c8_WECSim_Lib.obj
 0002:00000b38       __real@41dcc78beac00000    0000000180021b38     WECSim_Lib_sfun:c8_WECSim_Lib.obj
 0002:00000b40       __real@4008000000000000    0000000180021b40     WECSim_Lib_sfun:c8_WECSim_Lib.obj
 0002:00000b48       __real@4024000000000000    0000000180021b48     WECSim_Lib_sfun:c8_WECSim_Lib.obj
 0002:00000b50       __real@3ff0000000000000    0000000180021b50     WECSim_Lib_sfun:c8_WECSim_Lib.obj
 0002:00000b58       __real@4010000000000000    0000000180021b58     WECSim_Lib_sfun:c8_WECSim_Lib.obj
 0002:00000b60       __real@4000000000000000    0000000180021b60     WECSim_Lib_sfun:c8_WECSim_Lib.obj
 0002:00000b68       __real@41eb8677d3400000    0000000180021b68     WECSim_Lib_sfun:c3_WECSim_Lib.obj
 0002:00000b70       __real@41ba82bc25000000    0000000180021b70     WECSim_Lib_sfun:c3_WECSim_Lib.obj
 0002:00000b78       __real@41e03fcb2e800000    0000000180021b78     WECSim_Lib_sfun:c3_WECSim_Lib.obj
 0002:00000b80       __real@41e93f26e0800000    0000000180021b80     WECSim_Lib_sfun:c3_WECSim_Lib.obj
 0002:00000b88       __real@4082c80000000000    0000000180021b88     WECSim_Lib_sfun:c3_WECSim_Lib.obj
 0002:00000b90       __real@4018000000000000    0000000180021b90     WECSim_Lib_sfun:c3_WECSim_Lib.obj
 0002:00000b98       __real@3e45798ee2308c3a    0000000180021b98     WECSim_Lib_sfun:c3_WECSim_Lib.obj
 0002:00000ba0       __real@4014000000000000    0000000180021ba0     WECSim_Lib_sfun:c3_WECSim_Lib.obj
 0002:00000ba8       _pDefaultRawDllMain        0000000180021ba8     MSVCRT:crtdll.obj
 0002:00000ba8       _pRawDllMain               0000000180021ba8     MSVCRT:crtdll.obj
 0002:00000bc0       ?ProcessDetach@NativeDll@<CrtImplementationDetails>@@0IB 0000000180021bc0     MSVCRT:tncleanup.obj
 0002:00000bc4       ?ProcessAttach@NativeDll@<CrtImplementationDetails>@@0IB 0000000180021bc4     MSVCRT:tncleanup.obj
 0002:00000bc8       ?ThreadAttach@NativeDll@<CrtImplementationDetails>@@0IB 0000000180021bc8     MSVCRT:tncleanup.obj
 0002:00000bcc       ?ThreadDetach@NativeDll@<CrtImplementationDetails>@@0IB 0000000180021bcc     MSVCRT:tncleanup.obj
 0002:00000bd0       ?ProcessVerifier@NativeDll@<CrtImplementationDetails>@@0IB 0000000180021bd0     MSVCRT:tncleanup.obj
 0002:00000bd8       __rtc_iaa                  0000000180021bd8     MSVCRT:_initsect_.obj
 0002:00000be0       __rtc_izz                  0000000180021be0     MSVCRT:_initsect_.obj
 0002:00000be8       __rtc_taa                  0000000180021be8     MSVCRT:_initsect_.obj
 0002:00000bf0       __rtc_tzz                  0000000180021bf0     MSVCRT:_initsect_.obj
 0002:00001614       __IMPORT_DESCRIPTOR_sf_runtime 0000000180022614     sf_runtime:sf_runtime.dll
 0002:00001628       __IMPORT_DESCRIPTOR_libmx  0000000180022628     libmx:libmx.dll
 0002:0000163c       __IMPORT_DESCRIPTOR_libmex 000000018002263c     libmex:libmex.dll
 0002:00001650       __IMPORT_DESCRIPTOR_MSVCR100 0000000180022650     MSVCRT:MSVCR100.dll
 0002:00001664       __IMPORT_DESCRIPTOR_KERNEL32 0000000180022664     kernel32:KERNEL32.dll
 0002:00001678       __IMPORT_DESCRIPTOR_libut  0000000180022678     libut:libut.dll
 0002:0000168c       __IMPORT_DESCRIPTOR_libmwmathutil 000000018002268c     libmwmathutil:libmwmathutil.dll
 0002:000016a0       __NULL_IMPORT_DESCRIPTOR   00000001800226a0     sf_runtime:sf_runtime.dll
 0003:000002f8       DYNAMIC_DIMENSION          00000001800242f8     RM3_sfun_registry.obj
 0003:00008b58       __security_cookie          000000018002cb58     MSVCRT:gs_cookie.obj
 0003:00008b60       __security_cookie_complement 000000018002cb60     MSVCRT:gs_cookie.obj
 0003:00008b68       _fltused                   000000018002cb68     MSVCRT:dllsupp.obj
 0003:00008b70       __native_dllmain_reason    000000018002cb70     MSVCRT:natstart.obj
 0003:00008b74       __native_vcclrit_reason    000000018002cb74     MSVCRT:natstart.obj
 0003:00008c58       sfGlobalDebugInstanceStruct 000000018002cc58     RM3_sfun_registry.obj
 0003:00009220       ?__type_info_root_node@@3U__type_info_node@@A 000000018002d220     MSVCRT:tncleanup.obj
 0003:00009230       _RM3MachineNumber_         000000018002d230     <common>
 0003:00009234       _WECSim_LibMachineNumber_  000000018002d234     <common>
 0003:00009238       __native_startup_state     000000018002d238     <common>
 0003:00009240       __native_startup_lock      000000018002d240     <common>
 0003:00009248       __onexitend                000000018002d248     <common>
 0003:00009250       __onexitbegin              000000018002d250     <common>
 0003:00009258       __dyn_tls_init_callback    000000018002d258     <common>

 entry point at        0001:0001e898

 Static symbols

 0001:00001d10       getChartInfoFromSimStruct  0000000180002d10 f   RM3_sfun_registry.obj
 0001:000033b0       _ssFatalError              00000001800043b0 f   RM3_sfun_registry.obj
 0001:00006460       ProcessMexSfunctionCmdLineCall 0000000180007460 f   RM3_sfun_registry.obj
 0001:00006600       sf_debug_api_wrapper       0000000180007600 f   RM3_sfun_registry.obj
 0001:00006650       mdlStart                   0000000180007650 f   RM3_sfun_registry.obj
 0001:00006680       mdl_start_processing       0000000180007680 f   RM3_sfun_registry.obj
 0001:00006740       mdlTerminate               0000000180007740 f   RM3_sfun_registry.obj
 0001:00006770       mdl_terminate_processing   0000000180007770 f   RM3_sfun_registry.obj
 0001:000067f0       mdlInitializeSampleTimes   00000001800077f0 f   RM3_sfun_registry.obj
 0001:00006820       mdlZeroCrossings           0000000180007820 f   RM3_sfun_registry.obj
 0001:00006850       mdl_zeroCrossings_processing 0000000180007850 f   RM3_sfun_registry.obj
 0001:00006890       mdlDerivatives             0000000180007890 f   RM3_sfun_registry.obj
 0001:000068c0       mdl_derivatives_processing 00000001800078c0 f   RM3_sfun_registry.obj
 0001:00006910       mdlInitializeConditions    0000000180007910 f   RM3_sfun_registry.obj
 0001:00006940       mdl_initialize_conditions_processing 0000000180007940 f   RM3_sfun_registry.obj
 0001:00006990       mdlEnable                  0000000180007990 f   RM3_sfun_registry.obj
 0001:000069c0       mdl_enable_processing      00000001800079c0 f   RM3_sfun_registry.obj
 0001:00006a00       mdlDisable                 0000000180007a00 f   RM3_sfun_registry.obj
 0001:00006a30       mdl_disable_processing     0000000180007a30 f   RM3_sfun_registry.obj
 0001:00006a70       mdlOutputs                 0000000180007a70 f   RM3_sfun_registry.obj
 0001:00006aa0       mdl_outputs_processing     0000000180007aa0 f   RM3_sfun_registry.obj
 0001:00006b80       mdl_outputs_continuous_legacy 0000000180007b80 f   RM3_sfun_registry.obj
 0001:00006c70       mdlGetTimeOfNextVarHit     0000000180007c70 f   RM3_sfun_registry.obj
 0001:00006cc0       _ProcessMexSfunctionCmdLineCall 0000000180007cc0 f   RM3_sfun_registry.obj
 0001:00007410       mdlSetWorkWidths           0000000180008410 f   RM3_sfun_registry.obj
 0001:00007440       mdlProcessParameters       0000000180008440 f   RM3_sfun_registry.obj
 0001:00007470       mdlInitializeSizes         0000000180008470 f   RM3_sfun_registry.obj
 0001:000074a0       mdlExtModeExec             00000001800084a0 f   RM3_sfun_registry.obj
 0001:000074d0       mdl_ext_mode_exec_processing 00000001800084d0 f   RM3_sfun_registry.obj
 0001:00007510       mdlRTW                     0000000180008510 f   RM3_sfun_registry.obj
 0001:00007550       _CreateSimStruct           0000000180008550 f   RM3_sfun_registry.obj
 0001:000076e0       _RegNumInputPortsCB        00000001800086e0 f   RM3_sfun_registry.obj
 0001:00007760       _RegNumOutputPortsCB       0000000180008760 f   RM3_sfun_registry.obj
 0001:00008820       c8_info_helper             0000000180009820 f   WECSim_Lib_sfun:c8_WECSim_Lib.obj
 0001:0000b8c0       c8_emlrt_marshallOut       000000018000c8c0 f   WECSim_Lib_sfun:c8_WECSim_Lib.obj
 0001:0000b950       c8_b_emlrt_marshallOut     000000018000c950 f   WECSim_Lib_sfun:c8_WECSim_Lib.obj
 0001:0000c110       mdlProcessParameters_c8_WECSim_Lib 000000018000d110 f   WECSim_Lib_sfun:c8_WECSim_Lib.obj
 0001:0000c1f0       initialize_params_c8_WECSim_Lib 000000018000d1f0 f   WECSim_Lib_sfun:c8_WECSim_Lib.obj
 0001:0000c200       mdlSetWorkWidths_c8_WECSim_Lib 000000018000d200 f   WECSim_Lib_sfun:c8_WECSim_Lib.obj
 0001:0000c6d0       sf_get_instance_specialization 000000018000d6d0 f   WECSim_Lib_sfun:c8_WECSim_Lib.obj
 0001:0000c6e0       mdlStart_c8_WECSim_Lib     000000018000d6e0 f   WECSim_Lib_sfun:c8_WECSim_Lib.obj
 0001:0000c960       init_dsm_address_info      000000018000d960 f   WECSim_Lib_sfun:c8_WECSim_Lib.obj
 0001:0000c970       init_simulink_io_address   000000018000d970 f   WECSim_Lib_sfun:c8_WECSim_Lib.obj
 0001:0000c9c0       sf_get_sim_state_info_c8_WECSim_Lib 000000018000d9c0 f   WECSim_Lib_sfun:c8_WECSim_Lib.obj
 0001:0000ca80       chart_debug_initialization 000000018000da80 f   WECSim_Lib_sfun:c8_WECSim_Lib.obj
 0001:0000d1b0       init_script_number_translation 000000018000e1b0 f   WECSim_Lib_sfun:c8_WECSim_Lib.obj
 0001:0000d1d0       c8_sf_marshallOut          000000018000e1d0 f   WECSim_Lib_sfun:c8_WECSim_Lib.obj
 0001:0000d330       c8_sf_marshallIn           000000018000e330 f   WECSim_Lib_sfun:c8_WECSim_Lib.obj
 0001:0000d430       c8_b_emlrt_marshallIn      000000018000e430 f   WECSim_Lib_sfun:c8_WECSim_Lib.obj
 0001:0000d520       c8_b_sf_marshallOut        000000018000e520 f   WECSim_Lib_sfun:c8_WECSim_Lib.obj
 0001:0000d680       sf_opaque_initialize_c8_WECSim_Lib 000000018000e680 f   WECSim_Lib_sfun:c8_WECSim_Lib.obj
 0001:0000d6c0       initialize_c8_WECSim_Lib   000000018000e6c0 f   WECSim_Lib_sfun:c8_WECSim_Lib.obj
 0001:0000d710       sf_opaque_enable_c8_WECSim_Lib 000000018000e710 f   WECSim_Lib_sfun:c8_WECSim_Lib.obj
 0001:0000d730       enable_c8_WECSim_Lib       000000018000e730 f   WECSim_Lib_sfun:c8_WECSim_Lib.obj
 0001:0000d760       sf_opaque_disable_c8_WECSim_Lib 000000018000e760 f   WECSim_Lib_sfun:c8_WECSim_Lib.obj
 0001:0000d780       disable_c8_WECSim_Lib      000000018000e780 f   WECSim_Lib_sfun:c8_WECSim_Lib.obj
 0001:0000d7b0       sf_opaque_gateway_c8_WECSim_Lib 000000018000e7b0 f   WECSim_Lib_sfun:c8_WECSim_Lib.obj
 0001:0000d7d0       sf_gateway_c8_WECSim_Lib   000000018000e7d0 f   WECSim_Lib_sfun:c8_WECSim_Lib.obj
 0001:0000e1a0       c8_c_sf_marshallOut        000000018000f1a0 f   WECSim_Lib_sfun:c8_WECSim_Lib.obj
 0001:0000e250       c8_b_sf_marshallIn         000000018000f250 f   WECSim_Lib_sfun:c8_WECSim_Lib.obj
 0001:0000e2f0       c8_c_emlrt_marshallIn      000000018000f2f0 f   WECSim_Lib_sfun:c8_WECSim_Lib.obj
 0001:0000e380       c8_mpower                  000000018000f380 f   WECSim_Lib_sfun:c8_WECSim_Lib.obj
 0001:0000e3f0       c8_eml_scalar_eg           000000018000f3f0 f   WECSim_Lib_sfun:c8_WECSim_Lib.obj
 0001:0000e400       c8_atan2                   000000018000f400 f   WECSim_Lib_sfun:c8_WECSim_Lib.obj
 0001:0000e460       c8_eml_error               000000018000f460 f   WECSim_Lib_sfun:c8_WECSim_Lib.obj
 0001:0000e680       sf_opaque_get_sim_state_c8_WECSim_Lib 000000018000f680 f   WECSim_Lib_sfun:c8_WECSim_Lib.obj
 0001:0000e6d0       get_sim_state_c8_WECSim_Lib 000000018000f6d0 f   WECSim_Lib_sfun:c8_WECSim_Lib.obj
 0001:0000e8b0       sf_opaque_set_sim_state_c8_WECSim_Lib 000000018000f8b0 f   WECSim_Lib_sfun:c8_WECSim_Lib.obj
 0001:0000e900       set_sim_state_c8_WECSim_Lib 000000018000f900 f   WECSim_Lib_sfun:c8_WECSim_Lib.obj
 0001:0000ea10       c8_update_debugger_state_c8_WECSim_Lib 000000018000fa10 f   WECSim_Lib_sfun:c8_WECSim_Lib.obj
 0001:0000ea20       c8_emlrt_marshallIn        000000018000fa20 f   WECSim_Lib_sfun:c8_WECSim_Lib.obj
 0001:0000ea90       c8_e_emlrt_marshallIn      000000018000fa90 f   WECSim_Lib_sfun:c8_WECSim_Lib.obj
 0001:0000eaf0       c8_f_emlrt_marshallIn      000000018000faf0 f   WECSim_Lib_sfun:c8_WECSim_Lib.obj
 0001:0000eb80       sf_opaque_terminate_c8_WECSim_Lib 000000018000fb80 f   WECSim_Lib_sfun:c8_WECSim_Lib.obj
 0001:0000ec20       finalize_c8_WECSim_Lib     000000018000fc20 f   WECSim_Lib_sfun:c8_WECSim_Lib.obj
 0001:0000ec30       sf_opaque_init_subchart_simstructs 000000018000fc30 f   WECSim_Lib_sfun:c8_WECSim_Lib.obj
 0001:0000ec50       initSimStructsc8_WECSim_Lib 000000018000fc50 f   WECSim_Lib_sfun:c8_WECSim_Lib.obj
 0001:0000ec60       mdlRTW_c8_WECSim_Lib       000000018000fc60 f   WECSim_Lib_sfun:c8_WECSim_Lib.obj
 0001:0000ed10       c3_info_helper             000000018000fd10 f   WECSim_Lib_sfun:c3_WECSim_Lib.obj
 0001:000169a0       c3_emlrt_marshallOut       00000001800179a0 f   WECSim_Lib_sfun:c3_WECSim_Lib.obj
 0001:00016a30       c3_b_emlrt_marshallOut     0000000180017a30 f   WECSim_Lib_sfun:c3_WECSim_Lib.obj
 0001:00017720       mdlProcessParameters_c3_WECSim_Lib 0000000180018720 f   WECSim_Lib_sfun:c3_WECSim_Lib.obj
 0001:00017800       initialize_params_c3_WECSim_Lib 0000000180018800 f   WECSim_Lib_sfun:c3_WECSim_Lib.obj
 0001:00017810       mdlSetWorkWidths_c3_WECSim_Lib 0000000180018810 f   WECSim_Lib_sfun:c3_WECSim_Lib.obj
 0001:00017da0       sf_get_instance_specialization 0000000180018da0 f   WECSim_Lib_sfun:c3_WECSim_Lib.obj
 0001:00017db0       mdlStart_c3_WECSim_Lib     0000000180018db0 f   WECSim_Lib_sfun:c3_WECSim_Lib.obj
 0001:00018030       init_dsm_address_info      0000000180019030 f   WECSim_Lib_sfun:c3_WECSim_Lib.obj
 0001:00018040       init_simulink_io_address   0000000180019040 f   WECSim_Lib_sfun:c3_WECSim_Lib.obj
 0001:00018110       sf_get_sim_state_info_c3_WECSim_Lib 0000000180019110 f   WECSim_Lib_sfun:c3_WECSim_Lib.obj
 0001:000181d0       chart_debug_initialization 00000001800191d0 f   WECSim_Lib_sfun:c3_WECSim_Lib.obj
 0001:00019160       init_script_number_translation 000000018001a160 f   WECSim_Lib_sfun:c3_WECSim_Lib.obj
 0001:00019180       c3_c_sf_marshallOut        000000018001a180 f   WECSim_Lib_sfun:c3_WECSim_Lib.obj
 0001:00019300       c3_c_sf_marshallIn         000000018001a300 f   WECSim_Lib_sfun:c3_WECSim_Lib.obj
 0001:00019410       c3_f_emlrt_marshallIn      000000018001a410 f   WECSim_Lib_sfun:c3_WECSim_Lib.obj
 0001:00019500       c3_d_sf_marshallOut        000000018001a500 f   WECSim_Lib_sfun:c3_WECSim_Lib.obj
 0001:00019680       c3_e_sf_marshallOut        000000018001a680 f   WECSim_Lib_sfun:c3_WECSim_Lib.obj
 0001:00019970       c3_f_sf_marshallOut        000000018001a970 f   WECSim_Lib_sfun:c3_WECSim_Lib.obj
 0001:00019b80       c3_g_sf_marshallOut        000000018001ab80 f   WECSim_Lib_sfun:c3_WECSim_Lib.obj
 0001:00019c30       sf_opaque_initialize_c3_WECSim_Lib 000000018001ac30 f   WECSim_Lib_sfun:c3_WECSim_Lib.obj
 0001:00019c70       initialize_c3_WECSim_Lib   000000018001ac70 f   WECSim_Lib_sfun:c3_WECSim_Lib.obj
 0001:00019cd0       sf_opaque_enable_c3_WECSim_Lib 000000018001acd0 f   WECSim_Lib_sfun:c3_WECSim_Lib.obj
 0001:00019cf0       enable_c3_WECSim_Lib       000000018001acf0 f   WECSim_Lib_sfun:c3_WECSim_Lib.obj
 0001:00019d20       sf_opaque_disable_c3_WECSim_Lib 000000018001ad20 f   WECSim_Lib_sfun:c3_WECSim_Lib.obj
 0001:00019d40       disable_c3_WECSim_Lib      000000018001ad40 f   WECSim_Lib_sfun:c3_WECSim_Lib.obj
 0001:00019d70       sf_opaque_gateway_c3_WECSim_Lib 000000018001ad70 f   WECSim_Lib_sfun:c3_WECSim_Lib.obj
 0001:00019d90       sf_gateway_c3_WECSim_Lib   000000018001ad90 f   WECSim_Lib_sfun:c3_WECSim_Lib.obj
 0001:0001a170       c3_chartstep_c3_WECSim_Lib 000000018001b170 f   WECSim_Lib_sfun:c3_WECSim_Lib.obj
 0001:0001c150       c3_sf_marshallOut          000000018001d150 f   WECSim_Lib_sfun:c3_WECSim_Lib.obj
 0001:0001c270       c3_sf_marshallIn           000000018001d270 f   WECSim_Lib_sfun:c3_WECSim_Lib.obj
 0001:0001c310       c3_b_emlrt_marshallIn      000000018001d310 f   WECSim_Lib_sfun:c3_WECSim_Lib.obj
 0001:0001c3d0       c3_b_sf_marshallOut        000000018001d3d0 f   WECSim_Lib_sfun:c3_WECSim_Lib.obj
 0001:0001c670       c3_b_sf_marshallIn         000000018001d670 f   WECSim_Lib_sfun:c3_WECSim_Lib.obj
 0001:0001c7f0       c3_d_emlrt_marshallIn      000000018001d7f0 f   WECSim_Lib_sfun:c3_WECSim_Lib.obj
 0001:0001c930       c3_d_sf_marshallIn         000000018001d930 f   WECSim_Lib_sfun:c3_WECSim_Lib.obj
 0001:0001c9d0       c3_g_emlrt_marshallIn      000000018001d9d0 f   WECSim_Lib_sfun:c3_WECSim_Lib.obj
 0001:0001ca60       c3_e_sf_marshallIn         000000018001da60 f   WECSim_Lib_sfun:c3_WECSim_Lib.obj
 0001:0001cb80       c3_h_emlrt_marshallIn      000000018001db80 f   WECSim_Lib_sfun:c3_WECSim_Lib.obj
 0001:0001cc90       c3_h_sf_marshallOut        000000018001dc90 f   WECSim_Lib_sfun:c3_WECSim_Lib.obj
 0001:0001cec0       c3_f_sf_marshallIn         000000018001dec0 f   WECSim_Lib_sfun:c3_WECSim_Lib.obj
 0001:0001d020       c3_i_emlrt_marshallIn      000000018001e020 f   WECSim_Lib_sfun:c3_WECSim_Lib.obj
 0001:0001d120       c3_abs                     000000018001e120 f   WECSim_Lib_sfun:c3_WECSim_Lib.obj
 0001:0001d160       c3_trapz                   000000018001e160 f   WECSim_Lib_sfun:c3_WECSim_Lib.obj
 0001:0001d7f0       c3_intmin                  000000018001e7f0 f   WECSim_Lib_sfun:c3_WECSim_Lib.obj
 0001:0001d810       c3_sum                     000000018001e810 f   WECSim_Lib_sfun:c3_WECSim_Lib.obj
 0001:0001d940       c3_b_floor                 000000018001e940 f   WECSim_Lib_sfun:c3_WECSim_Lib.obj
 0001:0001d970       sf_opaque_get_sim_state_c3_WECSim_Lib 000000018001e970 f   WECSim_Lib_sfun:c3_WECSim_Lib.obj
 0001:0001d9c0       get_sim_state_c3_WECSim_Lib 000000018001e9c0 f   WECSim_Lib_sfun:c3_WECSim_Lib.obj
 0001:0001de00       sf_opaque_set_sim_state_c3_WECSim_Lib 000000018001ee00 f   WECSim_Lib_sfun:c3_WECSim_Lib.obj
 0001:0001de50       set_sim_state_c3_WECSim_Lib 000000018001ee50 f   WECSim_Lib_sfun:c3_WECSim_Lib.obj
 0001:0001e040       c3_update_debugger_state_c3_WECSim_Lib 000000018001f040 f   WECSim_Lib_sfun:c3_WECSim_Lib.obj
 0001:0001e050       c3_emlrt_marshallIn        000000018001f050 f   WECSim_Lib_sfun:c3_WECSim_Lib.obj
 0001:0001e0c0       c3_c_emlrt_marshallIn      000000018001f0c0 f   WECSim_Lib_sfun:c3_WECSim_Lib.obj
 0001:0001e130       c3_e_emlrt_marshallIn      000000018001f130 f   WECSim_Lib_sfun:c3_WECSim_Lib.obj
 0001:0001e1a0       c3_k_emlrt_marshallIn      000000018001f1a0 f   WECSim_Lib_sfun:c3_WECSim_Lib.obj
 0001:0001e200       c3_l_emlrt_marshallIn      000000018001f200 f   WECSim_Lib_sfun:c3_WECSim_Lib.obj
 0001:0001e290       sf_opaque_terminate_c3_WECSim_Lib 000000018001f290 f   WECSim_Lib_sfun:c3_WECSim_Lib.obj
 0001:0001e330       finalize_c3_WECSim_Lib     000000018001f330 f   WECSim_Lib_sfun:c3_WECSim_Lib.obj
 0001:0001e340       sf_opaque_init_subchart_simstructs 000000018001f340 f   WECSim_Lib_sfun:c3_WECSim_Lib.obj
 0001:0001e360       initSimStructsc3_WECSim_Lib 000000018001f360 f   WECSim_Lib_sfun:c3_WECSim_Lib.obj
 0001:0001e370       mdlRTW_c3_WECSim_Lib       000000018001f370 f   WECSim_Lib_sfun:c3_WECSim_Lib.obj
 0001:0001e4a0       pre_c_init                 000000018001f4a0 f   MSVCRT:crtdll.obj
 0001:0001e75c       __DllMainCRTStartup        000000018001f75c f   MSVCRT:crtdll.obj
 0001:0001efe0       __DllMainCRTStartup$filt$0 000000018001ffe0 f   MSVCRT:crtdll.obj
 0001:0001f010       __DllMainCRTStartup$fin$1  0000000180020010 f   MSVCRT:crtdll.obj
 0001:0001f02a       _onexit$fin$0              000000018002002a f   MSVCRT:atonexit.obj
 0001:0001f050       _IsNonwritableInCurrentImage$filt$0 0000000180020050 f   MSVCRT:pesect.obj
